BL51 BANKED LINKER/LOCATER V6.22                                                        07/28/2019  16:49:06  PAGE 1


BL51 BANKED LINKER/LOCATER V6.22, INVOKED BY:
D:\KEIL\C51\BIN\BL51.EXE .\hex\main.obj, .\hex\system_clock.obj, .\hex\delay.obj, .\hex\uart.obj, .\hex\Nb_iot.obj, .\he
>> x\Wirealarm.obj, .\hex\pwm.obj, .\hex\stop_idle.obj, .\hex\rtc.obj, .\hex\voltage_adc.obj, .\hex\adc.obj, .\hex\START
>> UP.obj TO .\hex\ca51fx PRINT (.\lst\ca51fx.m51) RAMSIZE (256) CODE (0X0000-0X7FFF) XDATA (0X0000-0X0FFF)


MEMORY MODEL: COMPACT WITH FLOATING POINT ARITHMETIC


INPUT MODULES INCLUDED:
  .\hex\main.obj (MAIN)
  .\hex\system_clock.obj (SYSTEM_CLOCK)
  .\hex\delay.obj (DELAY)
  .\hex\uart.obj (UART)
  .\hex\Nb_iot.obj (NB_IOT)
  .\hex\Wirealarm.obj (WIREALARM)
  .\hex\pwm.obj (PWM)
  .\hex\stop_idle.obj (STOP_IDLE)
  .\hex\rtc.obj (RTC)
  .\hex\voltage_adc.obj (VOLTAGE_ADC)
  .\hex\adc.obj (ADC)
  .\hex\STARTUP.obj (?C_STARTUP)
  D:\KEIL\C51\LIB\C51FPC.LIB (?C?FPMUL)
  D:\KEIL\C51\LIB\C51FPC.LIB (?C?FPDIV)
  D:\KEIL\C51\LIB\C51FPC.LIB (?C?FCAST)
  D:\KEIL\C51\LIB\C51FPC.LIB (?C?CASTF)
  D:\KEIL\C51\LIB\C51FPC.LIB (PRINTF)
  D:\KEIL\C51\LIB\C51FPC.LIB (VSPRINTF)
  D:\KEIL\C51\LIB\C51FPC.LIB (?C?FPGETOPN)
  D:\KEIL\C51\LIB\C51FPC.LIB (?C?FPROUND)
  D:\KEIL\C51\LIB\C51FPC.LIB (?C?FPCONVERT)
  D:\KEIL\C51\LIB\C51FPC.LIB (?C?FPADD)
  D:\KEIL\C51\LIB\C51FPC.LIB (?C?FTNPWR)
  D:\KEIL\C51\LIB\C51C.LIB (?C_INIT)
  D:\KEIL\C51\LIB\C51C.LIB (?C?COPY)
  D:\KEIL\C51\LIB\C51C.LIB (?C?CLDPTR)
  D:\KEIL\C51\LIB\C51C.LIB (?C?CLDOPTR)
  D:\KEIL\C51\LIB\C51C.LIB (?C?CSTPTR)
  D:\KEIL\C51\LIB\C51C.LIB (?C?CSTOPTR)
  D:\KEIL\C51\LIB\C51C.LIB (?C?IMUL)
  D:\KEIL\C51\LIB\C51C.LIB (?C?UIDIV)
  D:\KEIL\C51\LIB\C51C.LIB (?C?IILDX)
  D:\KEIL\C51\LIB\C51C.LIB (?C?LMUL)
  D:\KEIL\C51\LIB\C51C.LIB (?C?ULDIV)
  D:\KEIL\C51\LIB\C51C.LIB (?C?SLDIV)
  D:\KEIL\C51\LIB\C51C.LIB (?C?LNEG)
  D:\KEIL\C51\LIB\C51C.LIB (?C?LLDPDATA)
  D:\KEIL\C51\LIB\C51C.LIB (?C?LLDPDATA0)
  D:\KEIL\C51\LIB\C51C.LIB (?C?LSTPDATA)
  D:\KEIL\C51\LIB\C51C.LIB (?C?OFFXADD)
  D:\KEIL\C51\LIB\C51C.LIB (?C?PLDPDATA)
  D:\KEIL\C51\LIB\C51C.LIB (?C?PLDIPDATA)
  D:\KEIL\C51\LIB\C51C.LIB (?C?PSTPDATA)
  D:\KEIL\C51\LIB\C51C.LIB (?C?CCASE)
  D:\KEIL\C51\LIB\C51C.LIB (PUTCHAR)
  D:\KEIL\C51\LIB\C51C.LIB (STRLEN)
  D:\KEIL\C51\LIB\C51C.LIB (STRSTR)
  D:\KEIL\C51\LIB\C51C.LIB (?C?MEMSET)
BL51 BANKED LINKER/LOCATER V6.22                                                      07/28/2019  16:49:06  PAGE 2




LINK MAP OF MODULE:  .\hex\ca51fx (MAIN)


            TYPE    BASE      LENGTH    RELOCATION   SEGMENT NAME
            -----------------------------------------------------

            * * * * * * *   D A T A   M E M O R Y   * * * * * * *
            REG     0000H     0008H     ABSOLUTE     "REG BANK 0"
            DATA    0008H     0005H     UNIT         _DATA_GROUP_
                    000DH     0013H                  *** GAP ***
            BIT     0020H.0   0001H.1   UNIT         _BIT_GROUP_
            BIT     0021H.1   0000H.4   UNIT         ?BI?UART
            BIT     0021H.5   0000H.1   UNIT         ?BI?SYSTEM_CLOCK
                    0021H.6   0000H.2                *** GAP ***
            IDATA   0022H     0038H     UNIT         ?ID?NB_IOT
            IDATA   005AH     0001H     UNIT         ?STACK

            * * * * * * *  X D A T A   M E M O R Y  * * * * * * *
            XDATA   0000H     0003H     INPAGE       ?PD?MAIN
            XDATA   0003H     0002H     INPAGE       ?PD?_DELAY_500MS?DELAY
            XDATA   0005H     0008H     INPAGE       ?PD?NB_IOT
            XDATA   000DH     0007H     INPAGE       ?PD?WIREALARM
            XDATA   0014H     0006H     INPAGE       ?PD?_PWM_INTERRUPTCFG?PWM
            XDATA   001AH     0008H     INPAGE       ?PD?RTC
            XDATA   0022H     000DH     INPAGE       ?PD?VOLTAGE_ADC
            XDATA   002FH     003BH     INPAGE       _PDATA_GROUP_
            XDATA   006AH     01CBH     UNIT         ?XD?UART
            XDATA   0235H     0196H     UNIT         _XDATA_GROUP_
            XDATA   03CBH     0002H     UNIT         ?XD?MAIN
                    03CDH     7C33H                  *** GAP ***
            XDATA   8000H     0001H     ABSOLUTE     
            XDATA   8001H     0001H     ABSOLUTE     
            XDATA   8002H     0001H     ABSOLUTE     
            XDATA   8003H     0001H     ABSOLUTE     
            XDATA   8004H     0001H     ABSOLUTE     
            XDATA   8005H     0001H     ABSOLUTE     
            XDATA   8006H     0001H     ABSOLUTE     
            XDATA   8007H     0001H     ABSOLUTE     
            XDATA   8008H     0001H     ABSOLUTE     
            XDATA   8009H     0001H     ABSOLUTE     
            XDATA   800AH     0001H     ABSOLUTE     
            XDATA   800BH     0001H     ABSOLUTE     
            XDATA   800CH     0001H     ABSOLUTE     
            XDATA   800DH     0001H     ABSOLUTE     
            XDATA   800EH     0001H     ABSOLUTE     
            XDATA   800FH     0001H     ABSOLUTE     
            XDATA   8010H     0001H     ABSOLUTE     
            XDATA   8011H     0001H     ABSOLUTE     
                    8012H     0006H                  *** GAP ***
            XDATA   8018H     0001H     ABSOLUTE     
            XDATA   8019H     0001H     ABSOLUTE     
            XDATA   801AH     0001H     ABSOLUTE     
            XDATA   801BH     0001H     ABSOLUTE     
            XDATA   801CH     0001H     ABSOLUTE     
            XDATA   801DH     0001H     ABSOLUTE     
BL51 BANKED LINKER/LOCATER V6.22                                                      07/28/2019  16:49:06  PAGE 3


            XDATA   801EH     0001H     ABSOLUTE     
            XDATA   801FH     0001H     ABSOLUTE     
            XDATA   8020H     0001H     ABSOLUTE     
            XDATA   8021H     0001H     ABSOLUTE     
                    8022H     00DEH                  *** GAP ***
            XDATA   8100H     0001H     ABSOLUTE     
            XDATA   8101H     0001H     ABSOLUTE     
                    8102H     7AFEH                  *** GAP ***
            XDATA   FC00H     0001H     ABSOLUTE     
            XDATA   FC01H     0001H     ABSOLUTE     
            XDATA   FC02H     0001H     ABSOLUTE     
            XDATA   FC03H     0001H     ABSOLUTE     
            XDATA   FC04H     0001H     ABSOLUTE     
            XDATA   FC05H     0001H     ABSOLUTE     
            XDATA   FC06H     0001H     ABSOLUTE     

            * * * * * * *   C O D E   M E M O R Y   * * * * * * *
            CODE    0000H     0003H     ABSOLUTE     
            CODE    0003H     0010H     INBLOCK      ?PR?EX_INT1_INIT?WIREALARM
            CODE    0013H     0003H     ABSOLUTE     
            CODE    0016H     0005H     INBLOCK      ?PR?WAITPWMUPDATECOMPLETE?PWM
            CODE    001BH     0003H     ABSOLUTE     
            CODE    001EH     0004H     INBLOCK      ?PR?ADC_STARTCONVERSION?ADC
                    0022H     0001H                  *** GAP ***
            CODE    0023H     0003H     ABSOLUTE     
            CODE    0026H     000DH     INBLOCK      ?PR?NB73INIT?NB_IOT
            CODE    0033H     0003H     ABSOLUTE     
            CODE    0036H     0003H     INBLOCK      ?PR?_PWM_UPDATE?PWM
                    0039H     0002H                  *** GAP ***
            CODE    003BH     0003H     ABSOLUTE     
            CODE    003EH     002DH     INBLOCK      ?PR?_ADC_INIT?ADC
            CODE    006BH     0003H     ABSOLUTE     
            CODE    006EH     08BCH     UNIT         ?C?LIB_CODE
            CODE    092AH     046EH     UNIT         ?PR?PRINTF?PRINTF
            CODE    0D98H     00E6H     INBLOCK      ?PR?ALARMWIRECLECK?WIREALARM
            CODE    0E7EH     00B9H     UNIT         ?PR?_STRSTR?STRSTR
            CODE    0F37H     00A4H     INBLOCK      ?PR?NB_IOT
            CODE    0FDBH     0023H     INBLOCK      ?PR?GETADCVALUE?ADC
                    0FFEH     0002H                  *** GAP ***
            CODE    1000H     0739H     INBLOCK      ?PR?NB73TSAK?NB_IOT
            CODE    1739H     044EH     UNIT         ?CO?NB_IOT
            CODE    1B87H     009DH     INBLOCK      ?PR?_ALARMSTRINGPUT?NB_IOT
            CODE    1C24H     009BH     INBLOCK      ?PR?MAIN?MAIN
            CODE    1CBFH     0094H     INBLOCK      ?PR?ENTERSTOPMODE?MAIN
            CODE    1D53H     0091H     INBLOCK      ?PR?TIMER1ZD?MAIN
            CODE    1DE4H     008CH     UNIT         ?C_C51STARTUP
            CODE    1E70H     007CH     INBLOCK      ?PR?_JUDGEDAYOFWEEK?RTC
            CODE    1EECH     0075H     UNIT         ?C_INITSEG
            CODE    1F61H     0074H     INBLOCK      ?PR?ADC_ISR?VOLTAGE_ADC
            CODE    1FD5H     002BH     INBLOCK      ?PR?UPDATEPUBLISHQUEUE?NB_IOT
            CODE    2000H     0070H     INBLOCK      ?PR?UART1_ISR?UART
            CODE    2070H     0070H     INBLOCK      ?PR?EXINT8_ISR?RTC
            CODE    20E0H     006DH     INBLOCK      ?PR?UART0_ISR?UART
            CODE    214DH     0065H     INBLOCK      ?PR?VOLTAGECLECK?VOLTAGE_ADC
            CODE    21B2H     005EH     INBLOCK      ?PR?_SYS_CLK_SET_PLL?SYSTEM_CLOCK
            CODE    2210H     005EH     INBLOCK      ?PR?VOLTAGE_ADC
            CODE    226EH     0058H     INBLOCK      ?PR?UART
BL51 BANKED LINKER/LOCATER V6.22                                                      07/28/2019  16:49:06  PAGE 4


            CODE    22C6H     0058H     INBLOCK      ?PR?_DATE_ADD?RTC
            CODE    231EH     004DH     INBLOCK      ?PR?_RTC_INIT?RTC
            CODE    236BH     004CH     INBLOCK      ?PR?_ASCIITOHEX?NB_IOT
            CODE    23B7H     0048H     INBLOCK      ?PR?_SETSENDALARMDATATOCLOUD?NB_IOT
            CODE    23FFH     0044H     INBLOCK      ?PR?_UART0_PUTCHAR?UART
            CODE    2443H     0044H     INBLOCK      ?PR?_UART1_PUTCHAR?UART
            CODE    2487H     0044H     INBLOCK      ?PR?INT1_ISR?WIREALARM
            CODE    24CBH     0044H     UNIT         ?C?LDIV
            CODE    250FH     0042H     INBLOCK      ?PR?_NB_ATRECPRO?NB_IOT
            CODE    2551H     003FH     INBLOCK      ?PR?WAKEUP?MAIN
            CODE    2590H     003EH     INBLOCK      ?PR?_UART0_INITIAL?UART
            CODE    25CEH     003DH     UNIT         ?PR?_VSPRINTF?VSPRINTF
            CODE    260BH     0036H     INBLOCK      ?PR?_UART_PRINTF?UART
            CODE    2641H     0034H     INBLOCK      ?PR?_UART1_INITIAL?UART
            CODE    2675H     0032H     INBLOCK      ?PR?_PWM_INTERRUPTCFG?PWM
            CODE    26A7H     0030H     INBLOCK      ?PR?POWERSAVING_MAINLOOP?MAIN
            CODE    26D7H     002EH     INBLOCK      ?PR?VOLTAGEADCCLECK?VOLTAGE_ADC
            CODE    2705H     002CH     INBLOCK      ?PR?BUZZERINITSET?WIREALARM
            CODE    2731H     002CH     INBLOCK      ?PR?_RTC_WRITEHOUR?RTC
            CODE    275DH     002AH     INBLOCK      ?PR?_PWM_INIT?PWM
            CODE    2787H     0027H     UNIT         ?PR?PUTCHAR?PUTCHAR
            CODE    27AEH     0022H     INBLOCK      ?PR?_UARTPUTSTR?UART
            CODE    27D0H     0022H     INBLOCK      ?PR?_SENDDATATONB?NB_IOT
            CODE    27F2H     000EH     INBLOCK      ?PR?CHECKSTOPCONDITION?STOP_IDLE
            CODE    2800H     0021H     INBLOCK      ?PR?_DELAY_50US?DELAY
            CODE    2821H     0021H     INBLOCK      ?PR?_RTC_WRITEMINUTE?RTC
            CODE    2842H     001BH     INBLOCK      ?PR?_DELAY_MS?DELAY
            CODE    285DH     001BH     INBLOCK      ?PR?RTC_READTIME?RTC
            CODE    2878H     0018H     INBLOCK      ?PR?_DELAY_500MS?DELAY
            CODE    2890H     0018H     INBLOCK      ?PR?_GETDAYMAX?RTC
            CODE    28A8H     0016H     UNIT         ?CO?MAIN
            CODE    28BEH     0016H     INBLOCK      ?PR?VOLTAGEADCINIT?VOLTAGE_ADC
            CODE    28D4H     0015H     UNIT         ?PR?_STRLEN?STRLEN
            CODE    28E9H     0014H     INBLOCK      ?PR?RESETUART1REC?UART
            CODE    28FDH     0012H     INBLOCK      ?PR?ISLOWVOLTAGE?VOLTAGE_ADC
            CODE    290FH     0011H     INBLOCK      ?PR?TIMER1INIT?MAIN
            CODE    2920H     0011H     INBLOCK      ?PR?_PWM_CFGDIVDUTY?PWM
            CODE    2931H     0010H     INBLOCK      ?PR?_RTC_WRITESECOND?RTC
            CODE    2941H     000FH     INBLOCK      ?PR?DELAY
            CODE    2950H     000EH     INBLOCK      ?PR?_RTM_CON?RTC
            CODE    295EH     000DH     INBLOCK      ?PR?_JUDGEISLEAPYEAR?RTC
            CODE    296BH     000DH     UNIT         ?CO?RTC
            CODE    2978H     000DH     INBLOCK      ?PR?RTC
            CODE    2985H     000CH     INBLOCK      ?PR?SYS_CLK_SET_IRCL?SYSTEM_CLOCK
            CODE    2991H     000CH     INBLOCK      ?PR?PWM
            CODE    299DH     000BH     INBLOCK      ?PR?WIREALARM
            CODE    29A8H     000BH     INBLOCK      ?PR?_RTM_INIT?RTC
            CODE    29B3H     0009H     INBLOCK      ?PR?GETPROCLOCKTICK?MAIN
            CODE    29BCH     0009H     INBLOCK      ?PR?NBTICKCLK?NB_IOT
            CODE    29C5H     0008H     INBLOCK      ?PR?MAIN
            CODE    29CDH     0008H     INBLOCK      ?PR?_ADC_CONFIGCHANNEL?ADC
            CODE    29D5H     0007H     INBLOCK      ?PR?SYS_CLK_SET_IRCH?SYSTEM_CLOCK
            CODE    29DCH     0007H     INBLOCK      ?PR?RESETNBTICKCLK?NB_IOT
            CODE    29E3H     0007H     INBLOCK      ?PR?ALARMGPIOINIT?WIREALARM
            CODE    29EAH     0007H     INBLOCK      ?PR?STOPENTER?STOP_IDLE
            CODE    29F1H     0003H     INBLOCK      ?PR?STARTVOLTAGEADC?VOLTAGE_ADC

BL51 BANKED LINKER/LOCATER V6.22                                                      07/28/2019  16:49:06  PAGE 5




OVERLAY MAP OF MODULE:   .\hex\ca51fx (MAIN)


SEGMENT                                        BIT_GROUP          DATA_GROUP          PDATA_GROUP         XDATA_GROUP
  +--> CALLED SEGMENT                       START    LENGTH     START    LENGTH     START    LENGTH     START    LENGTH
-----------------------------------------------------------------------------------------------------------------------
?PR?TIMER1ZD?MAIN                           -----    -----      -----    -----      -----    -----      -----    -----
  +--> ?PR?NBTICKCLK?NB_IOT
  +--> ?PR?ALARMWIRECLECK?WIREALARM

?PR?ALARMWIRECLECK?WIREALARM                -----    -----      -----    -----      -----    -----      -----    -----
  +--> ?PR?_SETSENDALARMDATATOCLOUD?NB_IOT
  +--> ?PR?WIREALARM
  +--> ?PR?_PWM_CFGDIVDUTY?PWM
  +--> ?PR?_PWM_UPDATE?PWM
  +--> ?PR?WAITPWMUPDATECOMPLETE?PWM

*** NEW ROOT ***************************************************

?PR?UART0_ISR?UART                          -----    -----      -----    -----      -----    -----      -----    -----
  +--> ?PR?UART

*** NEW ROOT ***************************************************

?PR?UART1_ISR?UART                          -----    -----      -----    -----      -----    -----      -----    -----
  +--> ?PR?UART

*** NEW ROOT ***************************************************

?PR?INT1_ISR?WIREALARM                      -----    -----      -----    -----      -----    -----      -----    -----
  +--> ?PR?_RTM_CON?RTC

*** NEW ROOT ***************************************************

?PR?EXINT8_ISR?RTC                          -----    -----      -----    -----      -----    -----      -----    -----
  +--> ?PR?_RTM_CON?RTC

*** NEW ROOT ***************************************************

?PR?ADC_ISR?VOLTAGE_ADC                     -----    -----      -----    -----      002FH    0004H      -----    -----
  +--> ?PR?VOLTAGE_ADC
  +--> ?PR?STARTVOLTAGEADC?VOLTAGE_ADC

?PR?STARTVOLTAGEADC?VOLTAGE_ADC             -----    -----      -----    -----      -----    -----      -----    -----
  +--> ?PR?ADC_STARTCONVERSION?ADC

*** NEW ROOT ***************************************************

?C_C51STARTUP                               -----    -----      -----    -----      -----    -----      -----    -----
  +--> ?PR?MAIN?MAIN
  +--> ?C_INITSEG

?PR?MAIN?MAIN                               -----    -----      -----    -----      -----    -----      -----    -----
  +--> ?PR?_SYS_CLK_SET_PLL?SYSTEM_CLOCK
  +--> ?PR?_UART0_INITIAL?UART
BL51 BANKED LINKER/LOCATER V6.22                                                      07/28/2019  16:49:06  PAGE 6


  +--> ?PR?TIMER1INIT?MAIN
  +--> ?PR?_UART1_INITIAL?UART
  +--> ?PR?NB73INIT?NB_IOT
  +--> ?PR?ALARMGPIOINIT?WIREALARM
  +--> ?PR?_RTC_INIT?RTC
  +--> ?PR?_RTM_INIT?RTC
  +--> ?PR?_RTM_CON?RTC
  +--> ?PR?BUZZERINITSET?WIREALARM
  +--> ?PR?VOLTAGEADCINIT?VOLTAGE_ADC
  +--> ?CO?MAIN
  +--> ?PR?_UART_PRINTF?UART
  +--> ?PR?NB73TSAK?NB_IOT

?PR?_UART0_INITIAL?UART                     -----    -----      -----    -----      0038H    0004H      -----    -----
  +--> ?PR?UART

?PR?_UART1_INITIAL?UART                     -----    -----      -----    -----      0038H    0004H      -----    -----
  +--> ?PR?UART

?PR?_RTC_INIT?RTC                           -----    -----      -----    -----      -----    -----      -----    -----
  +--> ?PR?_RTC_WRITEHOUR?RTC
  +--> ?PR?_RTC_WRITEMINUTE?RTC
  +--> ?PR?_RTC_WRITESECOND?RTC
  +--> ?PR?RTC
  +--> ?PR?_JUDGEDAYOFWEEK?RTC

?PR?_RTC_WRITEHOUR?RTC                      -----    -----      -----    -----      0033H    0001H      -----    -----
  +--> ?PR?_DELAY_50US?DELAY

?PR?_RTC_WRITEMINUTE?RTC                    -----    -----      -----    -----      0033H    0001H      -----    -----
  +--> ?PR?_DELAY_50US?DELAY

?PR?_RTC_WRITESECOND?RTC                    -----    -----      -----    -----      -----    -----      -----    -----
  +--> ?PR?_DELAY_50US?DELAY

?PR?_JUDGEDAYOFWEEK?RTC                     -----    -----      -----    -----      0033H    0001H      -----    -----

?PR?BUZZERINITSET?WIREALARM                 -----    -----      -----    -----      -----    -----      -----    -----
  +--> ?PR?_PWM_INIT?PWM
  +--> ?PR?_PWM_CFGDIVDUTY?PWM
  +--> ?PR?_PWM_UPDATE?PWM
  +--> ?PR?WAITPWMUPDATECOMPLETE?PWM

?PR?_PWM_INIT?PWM                           -----    -----      -----    -----      0038H    0006H      -----    -----
  +--> ?PR?PWM

?PR?VOLTAGEADCINIT?VOLTAGE_ADC              -----    -----      -----    -----      -----    -----      -----    -----
  +--> ?PR?_ADC_INIT?ADC
  +--> ?PR?_ADC_CONFIGCHANNEL?ADC

?PR?_ADC_INIT?ADC                           -----    -----      -----    -----      003CH    0004H      -----    -----

?PR?_UART_PRINTF?UART                       -----    -----      -----    -----      0038H    0015H      02CBH    0100H
  +--> ?PR?_VSPRINTF?VSPRINTF
  +--> ?PR?_UARTPUTSTR?UART

?PR?_VSPRINTF?VSPRINTF                      -----    -----      -----    -----      004DH    0006H      -----    -----
BL51 BANKED LINKER/LOCATER V6.22                                                      07/28/2019  16:49:06  PAGE 7


  +--> ?PR?PRINTF?PRINTF

?PR?PRINTF?PRINTF                           0020H.0  0001H.1    0008H    0005H      0053H    0017H      -----    -----
  +--> ?PR?PUTCHAR?PUTCHAR

?PR?_UARTPUTSTR?UART                        -----    -----      -----    -----      004DH    0003H      -----    -----
  +--> ?PR?_UART0_PUTCHAR?UART

?PR?_UART0_PUTCHAR?UART                     -----    -----      -----    -----      -----    -----      -----    -----
  +--> ?PR?UART

?PR?NB73TSAK?NB_IOT                         -----    -----      -----    -----      0033H    0005H      0235H    0096H
  +--> ?PR?_DELAY_MS?DELAY
  +--> ?PR?RESETUART1REC?UART
  +--> ?PR?RESETNBTICKCLK?NB_IOT
  +--> ?CO?NB_IOT
  +--> ?PR?_UART_PRINTF?UART
  +--> ?PR?NB_IOT
  +--> ?PR?_STRSTR?STRSTR
  +--> ?PR?_ALARMSTRINGPUT?NB_IOT
  +--> ?PR?_SENDDATATONB?NB_IOT
  +--> ?PR?_NB_ATRECPRO?NB_IOT
  +--> ?PR?ENTERSTOPMODE?MAIN
  +--> ?PR?WAKEUP?MAIN
  +--> ?PR?NB73INIT?NB_IOT
  +--> ?PR?VOLTAGEADCCLECK?VOLTAGE_ADC
  +--> ?PR?VOLTAGECLECK?VOLTAGE_ADC
  +--> ?PR?UPDATEPUBLISHQUEUE?NB_IOT
  +--> ?PR?_STRLEN?STRLEN

?PR?_DELAY_MS?DELAY                         -----    -----      -----    -----      0038H    0002H      -----    -----
  +--> ?PR?DELAY
  +--> ?PR?_DELAY_50US?DELAY

?PR?_STRSTR?STRSTR                          -----    -----      -----    -----      003CH    000CH      -----    -----

?PR?_ALARMSTRINGPUT?NB_IOT                  -----    -----      -----    -----      0038H    0005H      02CBH    00FAH
  +--> ?CO?NB_IOT
  +--> ?PR?NB_IOT
  +--> ?PR?PRINTF?PRINTF
  +--> ?PR?_STRLEN?STRLEN
  +--> ?PR?_ASCIITOHEX?NB_IOT

?PR?_ASCIITOHEX?NB_IOT                      -----    -----      -----    -----      003DH    0018H      -----    -----
  +--> ?CO?NB_IOT
  +--> ?PR?NB_IOT

?PR?_SENDDATATONB?NB_IOT                    -----    -----      -----    -----      0038H    0003H      -----    -----
  +--> ?PR?_UART1_PUTCHAR?UART

?PR?_UART1_PUTCHAR?UART                     -----    -----      -----    -----      -----    -----      -----    -----
  +--> ?PR?UART

?PR?_NB_ATRECPRO?NB_IOT                     -----    -----      -----    -----      0038H    0004H      -----    -----
  +--> ?CO?NB_IOT
  +--> ?PR?NB_IOT
  +--> ?PR?_STRSTR?STRSTR
BL51 BANKED LINKER/LOCATER V6.22                                                      07/28/2019  16:49:06  PAGE 8


  +--> ?PR?RESETUART1REC?UART

?PR?ENTERSTOPMODE?MAIN                      -----    -----      -----    -----      -----    -----      -----    -----
  +--> ?PR?_RTM_CON?RTC
  +--> ?PR?MAIN
  +--> ?PR?EX_INT1_INIT?WIREALARM
  +--> ?PR?SYS_CLK_SET_IRCL?SYSTEM_CLOCK
  +--> ?PR?POWERSAVING_MAINLOOP?MAIN

?PR?POWERSAVING_MAINLOOP?MAIN               0020H.0  0000H.1    -----    -----      -----    -----      -----    -----
  +--> ?PR?CHECKSTOPCONDITION?STOP_IDLE
  +--> ?PR?STOPENTER?STOP_IDLE

?PR?WAKEUP?MAIN                             -----    -----      -----    -----      -----    -----      -----    -----
  +--> ?PR?_SYS_CLK_SET_PLL?SYSTEM_CLOCK
  +--> ?PR?_RTM_CON?RTC
  +--> ?PR?TIMER1INIT?MAIN
  +--> ?PR?ALARMGPIOINIT?WIREALARM
  +--> ?PR?_UART0_INITIAL?UART
  +--> ?PR?_UART1_INITIAL?UART
  +--> ?PR?BUZZERINITSET?WIREALARM
  +--> ?PR?VOLTAGEADCINIT?VOLTAGE_ADC

?PR?VOLTAGEADCCLECK?VOLTAGE_ADC             -----    -----      -----    -----      0038H    0004H      -----    -----
  +--> ?PR?_ADC_INIT?ADC
  +--> ?PR?_ADC_CONFIGCHANNEL?ADC
  +--> ?PR?ADC_STARTCONVERSION?ADC
  +--> ?PR?GETADCVALUE?ADC
  +--> ?PR?VOLTAGE_ADC

?PR?VOLTAGECLECK?VOLTAGE_ADC                -----    -----      -----    -----      -----    -----      -----    -----
  +--> ?PR?ISLOWVOLTAGE?VOLTAGE_ADC
  +--> ?PR?_SETSENDALARMDATATOCLOUD?NB_IOT



SYMBOL TABLE OF MODULE:  .\hex\ca51fx (MAIN)

  VALUE           TYPE          NAME
  ----------------------------------

  -------         MODULE        MAIN
  C:0000H         SYMBOL        _ICE_DUMMY_
  X:801DH         PUBLIC        P35F
  X:800FH         PUBLIC        P17F
  X:801EH         PUBLIC        P36F
  D:0080H         PUBLIC        P0
  X:801FH         PUBLIC        P37F
  D:0090H         PUBLIC        P1
  C:26A7H         PUBLIC        PowerSaving_MainLoop
  D:00A0H         PUBLIC        P2
  D:00B0H         PUBLIC        P3
  B:00A8H.7       PUBLIC        EA
  D:00D8H         PUBLIC        PWMEN
  D:0086H         PUBLIC        PWCON
  X:0000H         PUBLIC        g_sleepCnt
  X:8100H         PUBLIC        SPMAX
BL51 BANKED LINKER/LOCATER V6.22                                                      07/28/2019  16:49:06  PAGE 9


  X:0002H         PUBLIC        g_sleepFg
  X:8021H         PUBLIC        ADCALH
  D:00B1H         PUBLIC        I2CCON
  X:8020H         PUBLIC        ADCALL
  D:00F9H         PUBLIC        EPIE
  C:1C24H         PUBLIC        main
  X:FC03H         PUBLIC        LOCK
  X:8101H         PUBLIC        I2CIOS
  B:0080H.0       PUBLIC        P00
  B:0080H.1       PUBLIC        P01
  C:1CBFH         PUBLIC        EnterStopMode
  B:00A0H.0       PUBLIC        P20
  B:0080H.2       PUBLIC        P02
  B:00E8H.0       PUBLIC        INT2EN
  B:00A0H.1       PUBLIC        P21
  B:0080H.3       PUBLIC        P03
  B:0090H.3       PUBLIC        P13
  B:0080H.4       PUBLIC        P04
  B:0080H.5       PUBLIC        P05
  D:0089H         PUBLIC        TMOD
  B:0090H.5       PUBLIC        P15
  B:0080H.6       PUBLIC        P06
  B:00B0H.4       PUBLIC        P34
  B:0090H.6       PUBLIC        P16
  B:0080H.7       PUBLIC        P07
  B:00B0H.5       PUBLIC        P35
  B:00B0H.6       PUBLIC        P36
  B:00B0H.7       PUBLIC        P37
  B:0088H.3       PUBLIC        IE1
  X:FC06H         PUBLIC        PTSH
  X:FC05H         PUBLIC        PTSL
  B:00A8H.4       PUBLIC        ES0
  B:00A8H.6       PUBLIC        ES1
  B:00A8H.3       PUBLIC        ET1
  D:00ADH         PUBLIC        PLLCON
  C:290FH         PUBLIC        Timer1Init
  D:008DH         PUBLIC        TH1
  B:00A8H.2       PUBLIC        EX1
  C:2551H         PUBLIC        WakeUp
  D:008BH         PUBLIC        TL1
  C:29B3H         PUBLIC        GetProClockTick
  X:03CBH         PUBLIC        Time_ms
  B:0088H.6       PUBLIC        TR1
  B:00C8H.6       PUBLIC        TR2
  D:00B9H         PUBLIC        ADCON
  X:FC04H         PUBLIC        PADRD
  X:FC01H         PUBLIC        FSCMD
  D:00A1H         PUBLIC        CKCON
  X:FC02H         PUBLIC        FSDAT
  X:FC00H         PUBLIC        MECON
  C:1D53H         PUBLIC        Timer1Zd
  X:8000H         PUBLIC        P00F
  X:8008H         PUBLIC        P10F
  X:8001H         PUBLIC        P01F
  X:8010H         PUBLIC        P20F
  X:8009H         PUBLIC        P11F
  X:8002H         PUBLIC        P02F
BL51 BANKED LINKER/LOCATER V6.22                                                      07/28/2019  16:49:06  PAGE 10


  X:8018H         PUBLIC        P30F
  X:8011H         PUBLIC        P21F
  X:800AH         PUBLIC        P12F
  X:8003H         PUBLIC        P03F
  X:8019H         PUBLIC        P31F
  X:800BH         PUBLIC        P13F
  X:8004H         PUBLIC        P04F
  X:801AH         PUBLIC        P32F
  X:800CH         PUBLIC        P14F
  X:8005H         PUBLIC        P05F
  X:801BH         PUBLIC        P33F
  X:800DH         PUBLIC        P15F
  X:8006H         PUBLIC        P06F
  X:801CH         PUBLIC        P34F
  X:800EH         PUBLIC        P16F
  X:8007H         PUBLIC        P07F
  C:29C5H         SYMBOL        Com0014
  C:29C5H         SYMBOL        L?0021
  -------         PROC          COM0014
  -------         ENDPROC       COM0014
  -------         PROC          TIMER1INIT
  C:290FH         LINE#         41
  C:290FH         LINE#         42
  C:290FH         LINE#         43
  C:2915H         LINE#         44
  C:291BH         LINE#         48
  C:291DH         LINE#         49
  C:291FH         LINE#         51
  -------         ENDPROC       TIMER1INIT
  -------         PROC          TIMER1ZD
  C:1D53H         LINE#         59
  C:1D70H         LINE#         61
  C:1D76H         LINE#         67
  C:1D80H         LINE#         68
  C:1D8CH         LINE#         69
  C:1D8CH         LINE#         70
  C:1D93H         LINE#         71
  C:1D93H         LINE#         73
  C:1D96H         LINE#         74
  C:1D99H         LINE#         77
  C:1DA2H         LINE#         78
  C:1DA2H         LINE#         79
  C:1DA5H         LINE#         80
  C:1DA8H         LINE#         81
  C:1DA8H         LINE#         82
  C:1DAAH         LINE#         83
  C:1DAAH         LINE#         84
  C:1DAAH         LINE#         86
  C:1DAFH         LINE#         87
  C:1DAFH         LINE#         88
  C:1DB9H         LINE#         89
  C:1DC4H         LINE#         90
  C:1DC4H         LINE#         91
  C:1DC9H         LINE#         92
  C:1DC9H         LINE#         93
  C:1DC9H         LINE#         94
  -------         ENDPROC       TIMER1ZD
BL51 BANKED LINKER/LOCATER V6.22                                                      07/28/2019  16:49:06  PAGE 11


  -------         PROC          GETPROCLOCKTICK
  C:29B3H         LINE#         102
  C:29B3H         LINE#         103
  C:29B3H         LINE#         104
  C:29BBH         LINE#         105
  -------         ENDPROC       GETPROCLOCKTICK
  -------         PROC          WAKEUP
  C:2551H         LINE#         113
  C:2551H         LINE#         114
  C:2551H         LINE#         116
  C:2556H         LINE#         118
  C:255BH         LINE#         119
  C:255EH         LINE#         124
  C:2560H         LINE#         125
  C:2562H         LINE#         127
  C:2565H         LINE#         129
  C:2570H         LINE#         131
  C:257BH         LINE#         132
  C:257EH         LINE#         134
  C:2583H         LINE#         135
  C:2583H         LINE#         136
  C:2586H         LINE#         137
  C:2586H         LINE#         139
  C:258AH         LINE#         140
  C:258FH         LINE#         141
  -------         ENDPROC       WAKEUP
  -------         PROC          POWERSAVING_MAINLOOP
  -------         DO            
  B:0020H.0       SYMBOL        IE_EA
  -------         ENDDO         
  C:26A7H         LINE#         150
  C:26A7H         LINE#         151
  C:26A7H         LINE#         153
  C:26AAH         LINE#         154
  C:26ACH         LINE#         155
  C:26B3H         LINE#         156
  C:26BBH         LINE#         158
  C:26C1H         LINE#         159
  C:26C5H         LINE#         160
  C:26C7H         LINE#         161
  C:26CAH         LINE#         163
  C:26D2H         LINE#         164
  C:26D6H         LINE#         166
  -------         ENDPROC       POWERSAVING_MAINLOOP
  -------         PROC          ENTERSTOPMODE
  C:1CBFH         LINE#         177
  C:1CBFH         LINE#         178
  C:1CBFH         LINE#         179
  C:1CC3H         LINE#         182
  C:1CC8H         LINE#         184
  C:1CCEH         LINE#         185
  C:1CD0H         LINE#         187
  C:1CD2H         LINE#         188
  C:1CD4H         LINE#         190
  C:1CD8H         LINE#         191
  C:1CDAH         LINE#         193
  C:1CDDH         LINE#         194
BL51 BANKED LINKER/LOCATER V6.22                                                      07/28/2019  16:49:06  PAGE 12


  C:1CE1H         LINE#         195
  C:1CE3H         LINE#         197
  C:1CE8H         LINE#         199
  C:1CEAH         LINE#         200
  C:1CECH         LINE#         202
  C:1CF0H         LINE#         203
  C:1CF2H         LINE#         207
  C:1CF6H         LINE#         208
  C:1CFAH         LINE#         230
  C:1D00H         LINE#         231
  C:1D04H         LINE#         232
  C:1D06H         LINE#         234
  C:1D09H         LINE#         235
  C:1D09H         LINE#         236
  C:1D09H         LINE#         237
  C:1D0CH         LINE#         238
  C:1D0DH         LINE#         239
  C:1D0DH         LINE#         240
  C:1D0DH         LINE#         241
  C:1D10H         LINE#         242
  C:1D14H         LINE#         243
  C:1D16H         LINE#         244
  C:1D18H         LINE#         245
  C:1D1AH         LINE#         246
  C:1D1CH         LINE#         247
  C:1D1EH         LINE#         248
  C:1D20H         LINE#         249
  C:1D22H         LINE#         250
  C:1D24H         LINE#         251
  C:1D26H         LINE#         252
  C:1D28H         LINE#         253
  C:1D2AH         LINE#         254
  C:1D2CH         LINE#         255
  C:1D2EH         LINE#         256
  C:1D30H         LINE#         258
  C:1D33H         LINE#         260
  C:1D35H         LINE#         261
  C:1D37H         LINE#         262
  C:1D39H         LINE#         267
  C:1D3BH         LINE#         268
  C:1D3DH         LINE#         270
  C:1D3FH         LINE#         271
  C:1D42H         LINE#         273
  C:1D45H         LINE#         274
  C:1D48H         LINE#         278
  C:1D4AH         LINE#         280
  C:1D4DH         LINE#         281
  C:1D50H         LINE#         284
  -------         ENDPROC       ENTERSTOPMODE
  -------         PROC          MAIN
  C:1C24H         LINE#         289
  C:1C24H         LINE#         290
  C:1C24H         LINE#         292
  C:1C29H         LINE#         295
  C:1C34H         LINE#         299
  C:1C37H         LINE#         300
  C:1C42H         LINE#         301
BL51 BANKED LINKER/LOCATER V6.22                                                      07/28/2019  16:49:06  PAGE 13


  C:1C45H         LINE#         302
  C:1C48H         LINE#         304
  C:1C4EH         LINE#         305
  C:1C50H         LINE#         306
  C:1C58H         LINE#         307
  C:1C61H         LINE#         308
  C:1C66H         LINE#         310
  C:1C69H         LINE#         312
  C:1C6CH         LINE#         313
  C:1C75H         LINE#         314
  C:1C79H         LINE#         316
  C:1C7DH         LINE#         317
  C:1C86H         LINE#         322
  C:1C8FH         LINE#         325
  C:1C91H         LINE#         327
  C:1C91H         LINE#         328
  C:1C91H         LINE#         330
  C:1C94H         LINE#         333
  C:1CA7H         LINE#         334
  C:1CA7H         LINE#         335
  C:1CBDH         LINE#         336
  C:1CBDH         LINE#         365
  -------         ENDPROC       MAIN
  -------         ENDMOD        MAIN

  -------         MODULE        SYSTEM_CLOCK
  C:0000H         SYMBOL        _ICE_DUMMY_
  D:0080H         PUBLIC        P0
  D:0090H         PUBLIC        P1
  D:00A0H         PUBLIC        P2
  D:00B0H         PUBLIC        P3
  C:21B2H         PUBLIC        _Sys_Clk_Set_PLL
  D:0095H         PUBLIC        RCTAGH
  D:0094H         PUBLIC        RCTAGL
  D:00ADH         PUBLIC        PLLCON
  D:0097H         PUBLIC        RCMSLH
  D:0096H         PUBLIC        RCMSLL
  C:29D5H         PUBLIC        Sys_Clk_Set_IRCH
  C:2985H         PUBLIC        Sys_Clk_Set_IRCL
  D:00A1H         PUBLIC        CKCON
  D:0093H         PUBLIC        VCKDH
  D:00A2H         PUBLIC        CKSEL
  D:0092H         PUBLIC        VCKDL
  D:0091H         PUBLIC        RCCON
  -------         PROC          SYS_CLK_SET_IRCH
  C:29D5H         LINE#         19
  C:29D5H         LINE#         20
  C:29D5H         LINE#         21
  C:29D8H         LINE#         22
  C:29DBH         LINE#         23
  -------         ENDPROC       SYS_CLK_SET_IRCH
  -------         PROC          SYS_CLK_SET_IRCL
  C:2985H         LINE#         25
  C:2985H         LINE#         26
  C:2985H         LINE#         27
  C:2988H         LINE#         28
  C:2990H         LINE#         29
BL51 BANKED LINKER/LOCATER V6.22                                                      07/28/2019  16:49:06  PAGE 14


  -------         ENDPROC       SYS_CLK_SET_IRCL
  -------         PROC          _SYS_CLK_SET_PLL
  D:0007H         SYMBOL        Multiple
  -------         DO            
  B:0021H.5       SYMBOL        NeedTrim
  D:0006H         SYMBOL        ck_bak
  -------         ENDDO         
  C:21B2H         LINE#         46
  C:21B2H         LINE#         47
  C:21B2H         LINE#         50
  C:21BEH         LINE#         51
  C:21C1H         LINE#         52
  C:21C1H         LINE#         53
  C:21C3H         LINE#         54
  C:21C6H         LINE#         55
  C:21C9H         LINE#         56
  C:21CCH         LINE#         57
  C:21CFH         LINE#         58
  C:21D5H         LINE#         60
  C:21D8H         LINE#         61
  C:21DBH         LINE#         63
  C:21E3H         LINE#         64
  C:21E6H         LINE#         65
  C:21ECH         LINE#         66
  C:21ECH         LINE#         68
  C:21F8H         LINE#         69
  C:21FDH         LINE#         70
  C:2205H         LINE#         71
  C:2208H         LINE#         72
  C:2208H         LINE#         73
  C:220DH         LINE#         74
  C:220FH         LINE#         75
  C:220FH         LINE#         76
  -------         ENDPROC       _SYS_CLK_SET_PLL
  -------         ENDMOD        SYSTEM_CLOCK

  -------         MODULE        DELAY
  C:0000H         SYMBOL        _ICE_DUMMY_
  D:0080H         PUBLIC        P0
  D:0090H         PUBLIC        P1
  D:00A0H         PUBLIC        P2
  D:00B0H         PUBLIC        P3
  C:2800H         PUBLIC        _Delay_50us
  C:2842H         PUBLIC        _Delay_ms
  C:2878H         PUBLIC        _Delay_500ms
  D:00AAH         PUBLIC        WDFLG
  C:2941H         SYMBOL        Com000F
  C:2941H         SYMBOL        L?0016
  -------         PROC          COM000F
  -------         ENDPROC       COM000F
  -------         PROC          _DELAY_50US
  D:0006H         SYMBOL        n
  -------         DO            
  D:0005H         SYMBOL        i
  -------         ENDDO         
  C:2800H         LINE#         14
  C:2800H         LINE#         15
BL51 BANKED LINKER/LOCATER V6.22                                                      07/28/2019  16:49:06  PAGE 15


  C:2800H         LINE#         18
  C:280BH         LINE#         21
  C:2815H         LINE#         22
  C:2815H         LINE#         23
  C:2820H         LINE#         24
  C:2820H         LINE#         25
  -------         ENDPROC       _DELAY_50US
  -------         PROC          _DELAY_MS
  X:0038H         SYMBOL        n
  C:2842H         LINE#         26
  C:2849H         LINE#         27
  C:2849H         LINE#         28
  C:2850H         LINE#         29
  C:2850H         LINE#         30
  C:2857H         LINE#         31
  C:2859H         LINE#         32
  C:285CH         LINE#         33
  -------         ENDPROC       _DELAY_MS
  -------         PROC          _DELAY_500MS
  X:0003H         SYMBOL        n
  C:2878H         LINE#         36
  C:287FH         LINE#         37
  C:287FH         LINE#         38
  C:2886H         LINE#         39
  C:2886H         LINE#         40
  C:288DH         LINE#         42
  C:288FH         LINE#         43
  -------         ENDPROC       _DELAY_500MS
  -------         ENDMOD        DELAY

  -------         MODULE        UART
  C:0000H         SYMBOL        _ICE_DUMMY_
  C:2641H         PUBLIC        _Uart1_Initial
  D:0080H         PUBLIC        P0
  D:0090H         PUBLIC        P1
  D:00A0H         PUBLIC        P2
  D:00B0H         PUBLIC        P3
  C:28E9H         PUBLIC        ResetUART1Rec
  D:00CBH         PUBLIC        T2CH
  C:27AEH         PUBLIC        _UartPutStr
  D:00CAH         PUBLIC        T2CL
  B:0021H.1       PUBLIC        uart0_rx_finish_flag
  B:0021H.2       PUBLIC        uart1_rx_finish_flag
  X:006AH         PUBLIC        uart0_rev
  X:006CH         PUBLIC        uart1_rev
  D:009DH         PUBLIC        S1RELH
  D:009CH         PUBLIC        S1RELL
  C:260BH         PUBLIC        _uart_printf
  B:0021H.3       PUBLIC        uart0_tx_flag
  B:0021H.4       PUBLIC        uart1_tx_flag
  C:20E0H         PUBLIC        UART0_ISR
  C:2000H         PUBLIC        UART1_ISR
  B:00A8H.4       PUBLIC        ES0
  B:00A8H.6       PUBLIC        ES1
  B:0098H.0       PUBLIC        RI0
  X:006EH         PUBLIC        recTime
  B:0098H.1       PUBLIC        TI0
BL51 BANKED LINKER/LOCATER V6.22                                                      07/28/2019  16:49:06  PAGE 16


  D:00CDH         PUBLIC        TH2
  D:00CCH         PUBLIC        TL2
  B:00C8H.6       PUBLIC        TR2
  X:006FH         PUBLIC        uart0_rx_buf
  X:00D3H         PUBLIC        uart1_rx_buf
  X:0169H         PUBLIC        uart0_tx_buf
  X:01CDH         PUBLIC        uart1_tx_buf
  D:0099H         PUBLIC        S0BUF
  D:009BH         PUBLIC        S1BUF
  D:0098H         PUBLIC        S0CON
  D:009AH         PUBLIC        S1CON
  D:00C8H         PUBLIC        T2CON
  C:23FFH         PUBLIC        _Uart0_PutChar
  C:2443H         PUBLIC        _Uart1_PutChar
  X:0231H         PUBLIC        uart0_send
  X:0233H         PUBLIC        uart1_send
  C:2590H         PUBLIC        _Uart0_Initial
  C:226EH         SYMBOL        Com0023
  C:226EH         SYMBOL        L?0036
  C:226FH         SYMBOL        L?0037
  C:2272H         SYMBOL        L?0038
  C:2275H         SYMBOL        L?0039
  C:227CH         SYMBOL        L?0040
  C:229DH         SYMBOL        L?0041
  C:229DH         SYMBOL        L?0042
  C:22A7H         SYMBOL        L?0043
  C:22A7H         SYMBOL        L?0044
  C:22B1H         SYMBOL        L?0045
  C:22BCH         SYMBOL        L?0046
  -------         PROC          COM0023
  -------         ENDPROC       COM0023
  -------         PROC          _UART0_INITIAL
  X:0038H         SYMBOL        baudrate
  -------         DO            
  D:0004H         SYMBOL        value_temp
  -------         ENDDO         
  C:2590H         LINE#         26
  C:2595H         LINE#         27
  C:2595H         LINE#         30
  C:259BH         LINE#         31
  C:259FH         LINE#         33
  C:25A4H         LINE#         34
  C:25A6H         LINE#         35
  C:25AAH         LINE#         36
  C:25ACH         LINE#         37
  C:25AEH         LINE#         38
  C:25B0H         LINE#         41
  C:25B9H         LINE#         42
  C:25BCH         LINE#         43
  C:25BEH         LINE#         44
  C:25C2H         LINE#         45
  C:25C4H         LINE#         46
  C:25C6H         LINE#         47
  C:25C8H         LINE#         63
  C:25CBH         LINE#         64
  C:25CDH         LINE#         65
  -------         ENDPROC       _UART0_INITIAL
BL51 BANKED LINKER/LOCATER V6.22                                                      07/28/2019  16:49:06  PAGE 17


  -------         PROC          _UART0_PUTCHAR
  D:0007H         SYMBOL        bdat
  -------         DO            
  D:0006H         SYMBOL        free_space
  D:0005H         SYMBOL        tail_tmp
  -------         ENDDO         
  C:23FFH         LINE#         66
  C:23FFH         LINE#         67
  C:23FFH         LINE#         70
  C:23FFH         LINE#         71
  C:23FFH         LINE#         72
  C:2404H         LINE#         73
  C:240DH         LINE#         74
  C:240DH         LINE#         75
  C:2411H         LINE#         76
  C:2413H         LINE#         78
  C:2413H         LINE#         79
  C:2419H         LINE#         80
  C:2419H         LINE#         81
  C:241FH         LINE#         82
  C:241FH         LINE#         83
  C:2421H         LINE#         84
  C:2424H         LINE#         85
  C:2424H         LINE#         86
  C:242CH         LINE#         87
  C:242FH         LINE#         88
  C:242FH         LINE#         89
  C:2431H         LINE#         90
  C:2434H         LINE#         91
  C:2434H         LINE#         92
  C:243DH         LINE#         93
  C:243FH         LINE#         94
  C:2440H         LINE#         96
  C:2440H         LINE#         97
  C:2442H         LINE#         98
  C:2442H         LINE#         99
  C:2442H         LINE#         100
  C:2442H         LINE#         101
  C:2442H         LINE#         102
  -------         ENDPROC       _UART0_PUTCHAR
  -------         PROC          UART0_ISR
  C:20E0H         LINE#         103
  C:20EFH         LINE#         105
  C:20F2H         LINE#         106
  C:20F2H         LINE#         107
  C:20F4H         LINE#         109
  C:20F7H         LINE#         110
  C:2101H         LINE#         111
  C:211AH         LINE#         113
  C:211CH         LINE#         115
  C:2122H         LINE#         116
  C:2122H         LINE#         117
  C:2125H         LINE#         118
  C:2125H         LINE#         119
  C:2127H         LINE#         120
  C:2133H         LINE#         121
  C:2133H         LINE#         122
BL51 BANKED LINKER/LOCATER V6.22                                                      07/28/2019  16:49:06  PAGE 18


  C:2133H         LINE#         123
  C:2133H         LINE#         124
  C:213CH         LINE#         125
  C:213EH         LINE#         127
  C:213EH         LINE#         128
  C:2140H         LINE#         129
  C:2140H         LINE#         130
  C:2140H         LINE#         131
  -------         ENDPROC       UART0_ISR
  -------         PROC          _UART1_INITIAL
  X:0038H         SYMBOL        baudrate
  -------         DO            
  D:0004H         SYMBOL        value_temp
  -------         ENDDO         
  C:2641H         LINE#         134
  C:2646H         LINE#         135
  C:2646H         LINE#         138
  C:264BH         LINE#         139
  C:264DH         LINE#         140
  C:2651H         LINE#         141
  C:2653H         LINE#         142
  C:2655H         LINE#         143
  C:2657H         LINE#         144
  C:2660H         LINE#         147
  C:2666H         LINE#         148
  C:266AH         LINE#         154
  C:266DH         LINE#         155
  C:266FH         LINE#         157
  C:2672H         LINE#         158
  C:2674H         LINE#         159
  -------         ENDPROC       _UART1_INITIAL
  -------         PROC          _UART1_PUTCHAR
  D:0007H         SYMBOL        bdat
  -------         DO            
  D:0006H         SYMBOL        free_space
  D:0005H         SYMBOL        tail_tmp
  -------         ENDDO         
  C:2443H         LINE#         160
  C:2443H         LINE#         161
  C:2443H         LINE#         165
  C:2443H         LINE#         166
  C:2443H         LINE#         167
  C:2448H         LINE#         168
  C:2451H         LINE#         169
  C:2451H         LINE#         170
  C:2455H         LINE#         171
  C:2457H         LINE#         173
  C:2457H         LINE#         174
  C:245DH         LINE#         175
  C:245DH         LINE#         176
  C:2463H         LINE#         177
  C:2463H         LINE#         178
  C:2465H         LINE#         179
  C:2468H         LINE#         180
  C:2468H         LINE#         181
  C:2470H         LINE#         182
  C:2473H         LINE#         183
BL51 BANKED LINKER/LOCATER V6.22                                                      07/28/2019  16:49:06  PAGE 19


  C:2473H         LINE#         184
  C:2475H         LINE#         185
  C:2478H         LINE#         186
  C:2478H         LINE#         187
  C:2481H         LINE#         188
  C:2483H         LINE#         189
  C:2484H         LINE#         191
  C:2484H         LINE#         192
  C:2486H         LINE#         193
  C:2486H         LINE#         194
  C:2486H         LINE#         195
  C:2486H         LINE#         196
  C:2486H         LINE#         197
  -------         ENDPROC       _UART1_PUTCHAR
  -------         PROC          UART1_ISR
  C:2000H         LINE#         198
  C:200FH         LINE#         200
  C:2014H         LINE#         201
  C:2014H         LINE#         202
  C:201CH         LINE#         204
  C:2022H         LINE#         205
  C:2031H         LINE#         209
  C:2037H         LINE#         211
  C:203DH         LINE#         213
  C:203DH         LINE#         214
  C:2042H         LINE#         215
  C:2042H         LINE#         216
  C:204AH         LINE#         217
  C:2056H         LINE#         218
  C:2056H         LINE#         219
  C:2056H         LINE#         220
  C:2056H         LINE#         221
  C:205FH         LINE#         222
  C:2061H         LINE#         224
  C:2061H         LINE#         225
  C:2063H         LINE#         226
  C:2063H         LINE#         227
  C:2063H         LINE#         228
  -------         ENDPROC       UART1_ISR
  -------         PROC          RESETUART1REC
  C:28E9H         LINE#         231
  C:28E9H         LINE#         232
  C:28E9H         LINE#         233
  C:28EBH         LINE#         234
  C:28F0H         LINE#         235
  -------         ENDPROC       RESETUART1REC
  -------         PROC          _UARTPUTSTR
  X:004DH         SYMBOL        str
  C:27AEH         LINE#         331
  C:27B3H         LINE#         332
  C:27B3H         LINE#         333
  C:27BDH         LINE#         334
  C:27BDH         LINE#         335
  C:27CDH         LINE#         336
  C:27CFH         LINE#         337
  -------         ENDPROC       _UARTPUTSTR
  -------         PROC          _UART_PRINTF
BL51 BANKED LINKER/LOCATER V6.22                                                      07/28/2019  16:49:06  PAGE 20


  X:0038H         SYMBOL        fmt
  -------         DO            
  X:003BH         SYMBOL        ellipsis_15
  X:004AH         SYMBOL        ap
  X:02CBH         SYMBOL        string
  -------         ENDDO         
  C:260BH         LINE#         338
  C:2610H         LINE#         339
  C:2610H         LINE#         342
  C:261BH         LINE#         343
  C:2638H         LINE#         344
  -------         ENDPROC       _UART_PRINTF
  -------         ENDMOD        UART

  -------         MODULE        NB_IOT
  C:0000H         SYMBOL        _ICE_DUMMY_
  D:0080H         PUBLIC        P0
  D:0090H         PUBLIC        P1
  D:00A0H         PUBLIC        P2
  D:00B0H         PUBLIC        P3
  C:1000H         PUBLIC        NB73Tsak
  C:0026H         PUBLIC        NB73Init
  X:0005H         PUBLIC        tPublishSt
  I:0022H         PUBLIC        NbiotDev
  C:1B87H         PUBLIC        _AlarmStringPut
  B:0090H.3       PUBLIC        P13
  B:0090H.5       PUBLIC        P15
  C:29BCH         PUBLIC        NBTickClk
  C:29DCH         PUBLIC        ResetNBTickClk
  C:19E6H         SYMBOL        _?ix1000
  C:19F7H         SYMBOL        _?ix1001
  C:1A5BH         SYMBOL        _?ix1002
  C:1AF1H         SYMBOL        _?ix1003
  C:19C6H         PUBLIC        alarm_str
  C:1FD5H         PUBLIC        UpdatePublishQueue
  C:250FH         PUBLIC        _NB_ATRecPro
  C:236BH         PUBLIC        _AsciiToHex
  C:27D0H         PUBLIC        _SendDataToNB
  C:23B7H         PUBLIC        _SetSendAlarmDataToCloud
  C:0F37H         SYMBOL        Com00F1
  C:0F37H         SYMBOL        L?0242
  C:0F39H         SYMBOL        L?0243
  C:0F3EH         SYMBOL        L?0244
  C:0F45H         SYMBOL        L?0245
  C:0F45H         SYMBOL        L?0246
  C:0F47H         SYMBOL        L?0247
  C:0F51H         SYMBOL        L?0250
  C:0F51H         SYMBOL        L?0251
  C:0F5CH         SYMBOL        L?0254
  C:0F60H         SYMBOL        L?0255
  C:0F69H         SYMBOL        L?0256
  C:0F6BH         SYMBOL        L?0257
  C:0F70H         SYMBOL        L?0258
  C:0F76H         SYMBOL        L?0262
  C:0F76H         SYMBOL        L?0263
  C:0F7DH         SYMBOL        L?0264
  C:0F86H         SYMBOL        L?0266
BL51 BANKED LINKER/LOCATER V6.22                                                      07/28/2019  16:49:06  PAGE 21


  C:0F87H         SYMBOL        L?0267
  C:0F8FH         SYMBOL        L?0268
  C:0FA0H         SYMBOL        L?0269
  C:0FA0H         SYMBOL        L?0270
  C:0FA7H         SYMBOL        L?0272
  C:0FB3H         SYMBOL        L?0273
  C:0FB3H         SYMBOL        L?0274
  C:0FBBH         SYMBOL        L?0275
  C:0FC7H         SYMBOL        L?0276
  C:0FD2H         SYMBOL        L?0277
  -------         PROC          COM00F1
  -------         ENDPROC       COM00F1
  -------         PROC          NB73INIT
  C:0026H         LINE#         47
  C:0026H         LINE#         48
  C:0026H         LINE#         49
  C:002CH         LINE#         51
  C:0030H         LINE#         52
  C:0032H         LINE#         53
  -------         ENDPROC       NB73INIT
  -------         PROC          _ASCIITOHEX
  X:003DH         SYMBOL        sou_str
  X:0040H         SYMBOL        size
  X:0041H         SYMBOL        des_str
  -------         DO            
  X:0044H         SYMBOL        index
  D:0007H         SYMBOL        i
  -------         ENDDO         
  C:236BH         LINE#         64
  C:2374H         LINE#         65
  C:2374H         LINE#         67
  C:2387H         LINE#         69
  C:2392H         LINE#         70
  C:2392H         LINE#         71
  C:23A3H         LINE#         72
  C:23B3H         LINE#         73
  C:23B6H         LINE#         74
  -------         ENDPROC       _ASCIITOHEX
  -------         PROC          _SENDDATATONB
  X:0038H         SYMBOL        Sendstr
  C:27D0H         LINE#         83
  C:27D5H         LINE#         84
  C:27D5H         LINE#         85
  C:27DFH         LINE#         86
  C:27DFH         LINE#         87
  C:27EFH         LINE#         92
  C:27F1H         LINE#         94
  -------         ENDPROC       _SENDDATATONB
  -------         PROC          NBTICKCLK
  C:29BCH         LINE#         102
  C:29BCH         LINE#         103
  C:29BCH         LINE#         104
  C:29C4H         LINE#         105
  -------         ENDPROC       NBTICKCLK
  -------         PROC          RESETNBTICKCLK
  C:29DCH         LINE#         112
  C:29DCH         LINE#         113
BL51 BANKED LINKER/LOCATER V6.22                                                      07/28/2019  16:49:06  PAGE 22


  C:29DCH         LINE#         114
  C:29E2H         LINE#         115
  -------         ENDPROC       RESETNBTICKCLK
  -------         PROC          _NB_ATRECPRO
  X:0038H         SYMBOL        Recstr
  -------         DO            
  X:003BH         SYMBOL        rATStatus
  -------         ENDDO         
  C:250FH         LINE#         123
  C:2514H         LINE#         124
  C:2514H         LINE#         125
  C:2518H         LINE#         127
  C:251BH         LINE#         128
  C:251EH         LINE#         130
  C:252DH         LINE#         131
  C:252DH         LINE#         132
  C:2532H         LINE#         133
  C:2534H         LINE#         134
  C:2544H         LINE#         135
  C:2544H         LINE#         141
  C:2549H         LINE#         142
  C:2549H         LINE#         144
  C:254CH         LINE#         146
  C:2550H         LINE#         147
  -------         ENDPROC       _NB_ATRECPRO
  -------         PROC          _ALARMSTRINGPUT
  X:0038H         SYMBOL        Sendbuff
  -------         DO            
  X:02CBH         SYMBOL        stbuff
  X:032FH         SYMBOL        dtbuff
  X:003BH         SYMBOL        len
  -------         ENDDO         
  C:1B87H         LINE#         155
  C:1B8CH         LINE#         156
  C:1B8CH         LINE#         157
  C:1B99H         LINE#         158
  C:1BA6H         LINE#         162
  C:1BDBH         LINE#         166
  C:1BEBH         LINE#         168
  C:1BF8H         LINE#         170
  C:1C1CH         LINE#         173
  C:1C23H         LINE#         174
  -------         ENDPROC       _ALARMSTRINGPUT
  C:168FH         SYMBOL        L?0238
  C:169EH         SYMBOL        L?0239
  C:16ADH         SYMBOL        L?0240
  C:16BBH         SYMBOL        L?0248
  C:16CAH         SYMBOL        L?0249
  C:16D8H         SYMBOL        L?0252
  C:16E7H         SYMBOL        L?0253
  C:16F5H         SYMBOL        L?0259
  C:1702H         SYMBOL        L?0260
  C:1711H         SYMBOL        L?0261
  C:171FH         SYMBOL        L?0265
  C:1732H         SYMBOL        L?0271
  -------         PROC          NB73TSAK
  -------         DO            
BL51 BANKED LINKER/LOCATER V6.22                                                      07/28/2019  16:49:06  PAGE 23


  X:0033H         SYMBOL        rATStatus
  -------         DO            
  X:0034H         SYMBOL        i
  X:0034H         SYMBOL        i
  X:0035H         SYMBOL        pt
  X:0034H         SYMBOL        i
  X:0035H         SYMBOL        pt
  -------         ENDDO         
  -------         DO            
  X:0034H         SYMBOL        i
  X:0035H         SYMBOL        pt
  X:0034H         SYMBOL        i
  X:0035H         SYMBOL        pt
  -------         ENDDO         
  -------         DO            
  X:0034H         SYMBOL        i
  X:0035H         SYMBOL        pt
  -------         ENDDO         
  -------         DO            
  X:0235H         SYMBOL        SendAtbuff
  -------         ENDDO         
  -------         ENDDO         
  C:1000H         LINE#         185
  C:1000H         LINE#         186
  C:1000H         LINE#         187
  C:1004H         LINE#         190
  C:1038H         LINE#         191
  C:1038H         LINE#         192
  C:1038H         LINE#         194
  C:103AH         LINE#         195
  C:1041H         LINE#         196
  C:1043H         LINE#         197
  C:1046H         LINE#         198
  C:1049H         LINE#         201
  C:1051H         LINE#         205
  C:1051H         LINE#         206
  C:1051H         LINE#         207
  C:1054H         LINE#         208
  C:1057H         LINE#         209
  C:1057H         LINE#         210
  C:105BH         LINE#         211
  C:105FH         LINE#         213
  C:1068H         LINE#         215
  C:106AH         LINE#         216
  C:1076H         LINE#         217
  C:1076H         LINE#         220
  C:107FH         LINE#         222
  C:107FH         LINE#         224
  C:107FH         LINE#         225
  C:107FH         LINE#         227
  C:1085H         LINE#         229
  C:1087H         LINE#         230
  C:1087H         LINE#         231
  C:1087H         LINE#         232
  C:108CH         LINE#         233
  C:108CH         LINE#         235
  C:1090H         LINE#         237
BL51 BANKED LINKER/LOCATER V6.22                                                      07/28/2019  16:49:06  PAGE 24


  C:1090H         LINE#         238
  C:1090H         LINE#         240
  C:1097H         LINE#         242
  C:1099H         LINE#         243
  C:10A2H         LINE#         244
  C:10A2H         LINE#         245
  C:10A5H         LINE#         246
  C:10A8H         LINE#         247
  C:10A8H         LINE#         248
  C:10ACH         LINE#         251
  C:10ACH         LINE#         252
  C:10ACH         LINE#         254
  C:10ACH         LINE#         256
  C:10ACH         LINE#         258
  C:10AEH         LINE#         259
  C:10BAH         LINE#         260
  C:10BAH         LINE#         261
  C:10BAH         LINE#         262
  C:10BAH         LINE#         263
  C:10BFH         LINE#         264
  C:10BFH         LINE#         265
  C:10C3H         LINE#         266
  C:10C3H         LINE#         267
  C:10CAH         LINE#         268
  C:10CAH         LINE#         269
  C:10CAH         LINE#         270
  C:10CAH         LINE#         272
  C:10CAH         LINE#         274
  C:10CAH         LINE#         275
  C:10CAH         LINE#         277
  C:10CCH         LINE#         278
  C:10CCH         LINE#         279
  C:10CCH         LINE#         280
  C:10D1H         LINE#         281
  C:10D1H         LINE#         283
  C:10D5H         LINE#         285
  C:10D5H         LINE#         286
  C:10D5H         LINE#         288
  C:10DCH         LINE#         290
  C:10DEH         LINE#         291
  C:10E7H         LINE#         292
  C:10E7H         LINE#         293
  C:10EAH         LINE#         294
  C:10EEH         LINE#         295
  C:10EEH         LINE#         297
  C:10F4H         LINE#         298
  C:10F4H         LINE#         300
  C:10FBH         LINE#         301
  C:10FBH         LINE#         302
  C:10FDH         LINE#         303
  C:10FFH         LINE#         305
  C:10FFH         LINE#         306
  C:10FFH         LINE#         307
  C:10FFH         LINE#         308
  C:1102H         LINE#         309
  C:1102H         LINE#         310
  C:1104H         LINE#         312
BL51 BANKED LINKER/LOCATER V6.22                                                      07/28/2019  16:49:06  PAGE 25


  C:1104H         LINE#         313
  C:1108H         LINE#         314
  C:1108H         LINE#         316
  C:1108H         LINE#         317
  C:1108H         LINE#         319
  C:1108H         LINE#         321
  C:1108H         LINE#         323
  C:110AH         LINE#         324
  C:1116H         LINE#         325
  C:1116H         LINE#         326
  C:1116H         LINE#         327
  C:1116H         LINE#         328
  C:111BH         LINE#         329
  C:111BH         LINE#         330
  C:111FH         LINE#         331
  C:111FH         LINE#         332
  C:1126H         LINE#         333
  C:1126H         LINE#         334
  C:1126H         LINE#         335
  C:1126H         LINE#         337
  C:1126H         LINE#         339
  C:1126H         LINE#         340
  C:1126H         LINE#         341
  C:1128H         LINE#         346
  C:1128H         LINE#         347
  C:1128H         LINE#         348
  C:112DH         LINE#         349
  C:112DH         LINE#         351
  C:1131H         LINE#         353
  C:1131H         LINE#         354
  C:1131H         LINE#         356
  C:1138H         LINE#         358
  C:113AH         LINE#         359
  C:1143H         LINE#         360
  C:1143H         LINE#         361
  C:1146H         LINE#         362
  C:1146H         LINE#         365
  C:1148H         LINE#         367
  C:1150H         LINE#         368
  C:1150H         LINE#         369
  C:1167H         LINE#         370
  C:1167H         LINE#         371
  C:117AH         LINE#         372
  C:117AH         LINE#         374
  C:117AH         LINE#         375
  C:117AH         LINE#         376
  C:117AH         LINE#         377
  C:1181H         LINE#         380
  C:1181H         LINE#         382
  C:1186H         LINE#         383
  C:118AH         LINE#         385
  C:118AH         LINE#         387
  C:118DH         LINE#         389
  C:118DH         LINE#         391
  C:1193H         LINE#         392
  C:1193H         LINE#         394
  C:1197H         LINE#         395
BL51 BANKED LINKER/LOCATER V6.22                                                      07/28/2019  16:49:06  PAGE 26


  C:1197H         LINE#         396
  C:119AH         LINE#         398
  C:11A5H         LINE#         400
  C:11A5H         LINE#         402
  C:11A7H         LINE#         404
  C:11A7H         LINE#         405
  C:11AEH         LINE#         406
  C:11AEH         LINE#         407
  C:11AFH         LINE#         408
  C:11AFH         LINE#         409
  C:11B6H         LINE#         410
  C:11B6H         LINE#         411
  C:11B6H         LINE#         412
  C:11B6H         LINE#         413
  C:11B8H         LINE#         414
  C:11B8H         LINE#         415
  C:11B8H         LINE#         416
  C:11B8H         LINE#         445
  C:11B8H         LINE#         446
  C:11B8H         LINE#         447
  C:11B8H         LINE#         448
  C:11B8H         LINE#         449
  C:11BDH         LINE#         450
  C:11BDH         LINE#         452
  C:11C1H         LINE#         453
  C:11C1H         LINE#         454
  C:11C1H         LINE#         456
  C:11C8H         LINE#         458
  C:11CAH         LINE#         459
  C:11D3H         LINE#         460
  C:11D3H         LINE#         461
  C:11D6H         LINE#         462
  C:11D6H         LINE#         466
  C:11E5H         LINE#         469
  C:11E9H         LINE#         471
  C:11F1H         LINE#         472
  C:11F1H         LINE#         473
  C:1201H         LINE#         474
  C:1201H         LINE#         475
  C:1211H         LINE#         476
  C:1211H         LINE#         478
  C:1211H         LINE#         479
  C:1211H         LINE#         480
  C:1211H         LINE#         481
  C:1218H         LINE#         483
  C:121EH         LINE#         484
  C:121EH         LINE#         486
  C:1222H         LINE#         487
  C:1226H         LINE#         489
  C:1226H         LINE#         492
  C:1229H         LINE#         495
  C:1229H         LINE#         497
  C:122FH         LINE#         498
  C:122FH         LINE#         500
  C:1233H         LINE#         501
  C:1233H         LINE#         502
  C:1236H         LINE#         504
BL51 BANKED LINKER/LOCATER V6.22                                                      07/28/2019  16:49:06  PAGE 27


  C:1241H         LINE#         506
  C:1241H         LINE#         507
  C:1243H         LINE#         509
  C:1243H         LINE#         510
  C:124AH         LINE#         511
  C:124AH         LINE#         512
  C:124BH         LINE#         513
  C:124BH         LINE#         514
  C:1252H         LINE#         515
  C:1252H         LINE#         516
  C:1256H         LINE#         517
  C:1256H         LINE#         518
  C:1257H         LINE#         519
  C:1257H         LINE#         520
  C:1257H         LINE#         521
  C:1257H         LINE#         548
  C:1257H         LINE#         549
  C:1257H         LINE#         550
  C:1257H         LINE#         551
  C:1257H         LINE#         552
  C:125CH         LINE#         553
  C:125CH         LINE#         555
  C:1260H         LINE#         557
  C:1260H         LINE#         558
  C:1260H         LINE#         560
  C:1267H         LINE#         562
  C:1269H         LINE#         563
  C:1272H         LINE#         564
  C:1272H         LINE#         565
  C:1275H         LINE#         566
  C:1275H         LINE#         570
  C:1286H         LINE#         573
  C:128AH         LINE#         575
  C:1292H         LINE#         576
  C:1292H         LINE#         577
  C:12A2H         LINE#         578
  C:12A2H         LINE#         579
  C:12B2H         LINE#         580
  C:12B2H         LINE#         582
  C:12B2H         LINE#         583
  C:12B2H         LINE#         584
  C:12B2H         LINE#         585
  C:12B9H         LINE#         587
  C:12BFH         LINE#         588
  C:12BFH         LINE#         590
  C:12C3H         LINE#         591
  C:12C7H         LINE#         593
  C:12C7H         LINE#         596
  C:12CAH         LINE#         598
  C:12CAH         LINE#         600
  C:12D1H         LINE#         601
  C:12D1H         LINE#         603
  C:12D8H         LINE#         604
  C:12D8H         LINE#         605
  C:12DAH         LINE#         606
  C:12DCH         LINE#         608
  C:12DCH         LINE#         609
BL51 BANKED LINKER/LOCATER V6.22                                                      07/28/2019  16:49:06  PAGE 28


  C:12DCH         LINE#         610
  C:12DCH         LINE#         611
  C:12DFH         LINE#         612
  C:12DFH         LINE#         614
  C:12DFH         LINE#         615
  C:12E2H         LINE#         616
  C:12E6H         LINE#         618
  C:12F2H         LINE#         620
  C:12F2H         LINE#         621
  C:12F4H         LINE#         623
  C:12F4H         LINE#         624
  C:12FBH         LINE#         625
  C:12FBH         LINE#         626
  C:12FCH         LINE#         627
  C:12FCH         LINE#         628
  C:1301H         LINE#         629
  C:1301H         LINE#         630
  C:1305H         LINE#         631
  C:1305H         LINE#         632
  C:130EH         LINE#         633
  C:130EH         LINE#         634
  C:130EH         LINE#         635
  C:130EH         LINE#         637
  C:130EH         LINE#         638
  C:130EH         LINE#         639
  C:130EH         LINE#         667
  C:130EH         LINE#         668
  C:1310H         LINE#         670
  C:1310H         LINE#         671
  C:1310H         LINE#         672
  C:1315H         LINE#         673
  C:1315H         LINE#         675
  C:1319H         LINE#         677
  C:1319H         LINE#         679
  C:1319H         LINE#         681
  C:1320H         LINE#         683
  C:1322H         LINE#         684
  C:132BH         LINE#         685
  C:132BH         LINE#         686
  C:132EH         LINE#         687
  C:1331H         LINE#         688
  C:1331H         LINE#         689
  C:1335H         LINE#         690
  C:1335H         LINE#         691
  C:1335H         LINE#         693
  C:133CH         LINE#         695
  C:133CH         LINE#         696
  C:133EH         LINE#         697
  C:134AH         LINE#         698
  C:134AH         LINE#         699
  C:134AH         LINE#         700
  C:134AH         LINE#         701
  C:134FH         LINE#         702
  C:134FH         LINE#         703
  C:1353H         LINE#         704
  C:1353H         LINE#         705
  C:135AH         LINE#         706
BL51 BANKED LINKER/LOCATER V6.22                                                      07/28/2019  16:49:06  PAGE 29


  C:135AH         LINE#         707
  C:135AH         LINE#         708
  C:135AH         LINE#         710
  C:135AH         LINE#         711
  C:135AH         LINE#         712
  C:135AH         LINE#         713
  C:135CH         LINE#         718
  C:135CH         LINE#         719
  C:135CH         LINE#         720
  C:1361H         LINE#         721
  C:1361H         LINE#         723
  C:1365H         LINE#         724
  C:1365H         LINE#         725
  C:1365H         LINE#         727
  C:136CH         LINE#         729
  C:136EH         LINE#         730
  C:1377H         LINE#         731
  C:1377H         LINE#         732
  C:137AH         LINE#         733
  C:137DH         LINE#         734
  C:137DH         LINE#         736
  C:1381H         LINE#         738
  C:1381H         LINE#         739
  C:1381H         LINE#         741
  C:1388H         LINE#         743
  C:1388H         LINE#         744
  C:138AH         LINE#         745
  C:1396H         LINE#         746
  C:1396H         LINE#         747
  C:1396H         LINE#         748
  C:1396H         LINE#         749
  C:139BH         LINE#         750
  C:139BH         LINE#         751
  C:139FH         LINE#         752
  C:139FH         LINE#         753
  C:13A6H         LINE#         754
  C:13A6H         LINE#         755
  C:13A6H         LINE#         756
  C:13A6H         LINE#         758
  C:13A6H         LINE#         760
  C:13A6H         LINE#         761
  C:13A6H         LINE#         762
  C:13A8H         LINE#         807
  C:13A8H         LINE#         808
  C:13A8H         LINE#         809
  C:13ADH         LINE#         810
  C:13ADH         LINE#         812
  C:13B1H         LINE#         813
  C:13B1H         LINE#         814
  C:13B1H         LINE#         816
  C:13B8H         LINE#         818
  C:13BAH         LINE#         819
  C:13C3H         LINE#         820
  C:13C3H         LINE#         821
  C:13C6H         LINE#         822
  C:13C9H         LINE#         823
  C:13C9H         LINE#         825
BL51 BANKED LINKER/LOCATER V6.22                                                      07/28/2019  16:49:06  PAGE 30


  C:13C9H         LINE#         827
  C:13C9H         LINE#         828
  C:13C9H         LINE#         830
  C:13D0H         LINE#         832
  C:13D0H         LINE#         833
  C:13D2H         LINE#         834
  C:13E0H         LINE#         835
  C:13E0H         LINE#         837
  C:13E0H         LINE#         839
  C:13E0H         LINE#         840
  C:13E0H         LINE#         842
  C:13EAH         LINE#         844
  C:13EEH         LINE#         846
  C:13EEH         LINE#         848
  C:13EEH         LINE#         849
  C:13EEH         LINE#         850
  C:13F0H         LINE#         852
  C:13F0H         LINE#         853
  C:13F0H         LINE#         854
  C:13F5H         LINE#         855
  C:13F5H         LINE#         857
  C:13F9H         LINE#         859
  C:13F9H         LINE#         860
  C:13F9H         LINE#         862
  C:1400H         LINE#         864
  C:1402H         LINE#         866
  C:140BH         LINE#         867
  C:140BH         LINE#         868
  C:140EH         LINE#         869
  C:1411H         LINE#         870
  C:1411H         LINE#         871
  C:1415H         LINE#         872
  C:1415H         LINE#         873
  C:1415H         LINE#         875
  C:141FH         LINE#         877
  C:1423H         LINE#         879
  C:1425H         LINE#         880
  C:1431H         LINE#         881
  C:1431H         LINE#         882
  C:1431H         LINE#         883
  C:1431H         LINE#         884
  C:1436H         LINE#         885
  C:1436H         LINE#         886
  C:143AH         LINE#         887
  C:143AH         LINE#         888
  C:1441H         LINE#         889
  C:1441H         LINE#         890
  C:1444H         LINE#         891
  C:1444H         LINE#         893
  C:1444H         LINE#         895
  C:1444H         LINE#         969
  C:1444H         LINE#         970
  C:1446H         LINE#         971
  C:1446H         LINE#         972
  C:1446H         LINE#         973
  C:144BH         LINE#         974
  C:144BH         LINE#         976
BL51 BANKED LINKER/LOCATER V6.22                                                      07/28/2019  16:49:06  PAGE 31


  C:144FH         LINE#         978
  C:144FH         LINE#         979
  C:144FH         LINE#         981
  C:1456H         LINE#         985
  C:1458H         LINE#         986
  C:1461H         LINE#         987
  C:1461H         LINE#         988
  C:1464H         LINE#         989
  C:1467H         LINE#         990
  C:1467H         LINE#         991
  C:146BH         LINE#         993
  C:146BH         LINE#         994
  C:146BH         LINE#         996
  C:1475H         LINE#         998
  C:1479H         LINE#         1000
  C:147BH         LINE#         1001
  C:148EH         LINE#         1002
  C:148EH         LINE#         1003
  C:148EH         LINE#         1004
  C:148EH         LINE#         1005
  C:1493H         LINE#         1006
  C:1493H         LINE#         1007
  C:1497H         LINE#         1008
  C:1497H         LINE#         1009
  C:149EH         LINE#         1010
  C:149EH         LINE#         1011
  C:14A1H         LINE#         1012
  C:14A1H         LINE#         1013
  C:14A1H         LINE#         1015
  C:14A1H         LINE#         1017
  C:14A1H         LINE#         1018
  C:14A3H         LINE#         1020
  C:14A3H         LINE#         1021
  C:14A3H         LINE#         1028
  C:14A8H         LINE#         1029
  C:14A8H         LINE#         1031
  C:14BAH         LINE#         1033
  C:14CAH         LINE#         1034
  C:14CDH         LINE#         1035
  C:14D6H         LINE#         1037
  C:14DAH         LINE#         1039
  C:14DDH         LINE#         1041
  C:14E3H         LINE#         1044
  C:14E5H         LINE#         1047
  C:14EEH         LINE#         1048
  C:14EEH         LINE#         1049
  C:14FBH         LINE#         1050
  C:14FEH         LINE#         1051
  C:14FEH         LINE#         1052
  C:1502H         LINE#         1053
  C:1502H         LINE#         1054
  C:1502H         LINE#         1057
  C:1509H         LINE#         1062
  C:150BH         LINE#         1063
  C:1517H         LINE#         1064
  C:1517H         LINE#         1065
  C:1517H         LINE#         1066
BL51 BANKED LINKER/LOCATER V6.22                                                      07/28/2019  16:49:06  PAGE 32


  C:1517H         LINE#         1067
  C:151CH         LINE#         1068
  C:151CH         LINE#         1069
  C:1520H         LINE#         1070
  C:1520H         LINE#         1071
  C:1527H         LINE#         1072
  C:1527H         LINE#         1073
  C:152DH         LINE#         1074
  C:152DH         LINE#         1075
  C:152DH         LINE#         1077
  C:152DH         LINE#         1135
  C:152DH         LINE#         1136
  C:152DH         LINE#         1137
  C:152DH         LINE#         1138
  C:1533H         LINE#         1139
  C:1533H         LINE#         1140
  C:1535H         LINE#         1141
  C:1538H         LINE#         1142
  C:1538H         LINE#         1145
  C:153FH         LINE#         1146
  C:153FH         LINE#         1147
  C:1544H         LINE#         1148
  C:1544H         LINE#         1149
  C:1549H         LINE#         1150
  C:1549H         LINE#         1151
  C:1557H         LINE#         1152
  C:1557H         LINE#         1153
  C:155CH         LINE#         1155
  C:1562H         LINE#         1157
  C:1562H         LINE#         1158
  C:1564H         LINE#         1159
  C:1572H         LINE#         1160
  C:1572H         LINE#         1161
  C:1572H         LINE#         1162
  C:1572H         LINE#         1165
  C:1579H         LINE#         1167
  C:1579H         LINE#         1168
  C:1579H         LINE#         1169
  C:157BH         LINE#         1171
  C:157BH         LINE#         1172
  C:158CH         LINE#         1173
  C:158CH         LINE#         1174
  C:1591H         LINE#         1176
  C:1597H         LINE#         1178
  C:1597H         LINE#         1179
  C:1599H         LINE#         1180
  C:15AAH         LINE#         1181
  C:15AAH         LINE#         1182
  C:15AAH         LINE#         1183
  C:15AAH         LINE#         1186
  C:15B4H         LINE#         1188
  C:15B7H         LINE#         1189
  C:15B7H         LINE#         1190
  C:15B7H         LINE#         1193
  C:15C4H         LINE#         1196
  C:15C4H         LINE#         1197
  C:15CAH         LINE#         1198
BL51 BANKED LINKER/LOCATER V6.22                                                      07/28/2019  16:49:06  PAGE 33


  C:15CAH         LINE#         1199
  C:15CEH         LINE#         1200
  C:15CEH         LINE#         1201
  C:15D1H         LINE#         1203
  C:15D1H         LINE#         1204
  C:15D1H         LINE#         1205
  C:15D4H         LINE#         1208
  C:15DAH         LINE#         1211
  C:15DCH         LINE#         1212
  C:15F1H         LINE#         1213
  C:15F1H         LINE#         1215
  C:15F6H         LINE#         1216
  C:15FEH         LINE#         1217
  C:15FEH         LINE#         1218
  C:1600H         LINE#         1220
  C:1600H         LINE#         1221
  C:1600H         LINE#         1222
  C:1603H         LINE#         1224
  C:1605H         LINE#         1226
  C:1605H         LINE#         1227
  C:1607H         LINE#         1228
  C:1607H         LINE#         1230
  C:1607H         LINE#         1231
  C:1607H         LINE#         1234
  C:1611H         LINE#         1236
  C:1611H         LINE#         1238
  C:1611H         LINE#         1310
  C:1611H         LINE#         1311
  C:1611H         LINE#         1314
  C:1622H         LINE#         1315
  C:1622H         LINE#         1317
  C:1638H         LINE#         1318
  C:1641H         LINE#         1320
  C:1648H         LINE#         1321
  C:164BH         LINE#         1323
  C:164EH         LINE#         1325
  C:1655H         LINE#         1326
  C:1655H         LINE#         1327
  C:1659H         LINE#         1328
  C:165BH         LINE#         1330
  C:165BH         LINE#         1331
  C:1662H         LINE#         1332
  C:1662H         LINE#         1334
  C:1662H         LINE#         1336
  C:1667H         LINE#         1337
  C:1667H         LINE#         1338
  C:166AH         LINE#         1339
  C:166EH         LINE#         1340
  C:1671H         LINE#         1341
  C:1673H         LINE#         1342
  C:1673H         LINE#         1344
  C:1679H         LINE#         1345
  C:1679H         LINE#         1346
  C:1680H         LINE#         1347
  C:1680H         LINE#         1348
  C:1683H         LINE#         1349
  C:1683H         LINE#         1350
BL51 BANKED LINKER/LOCATER V6.22                                                      07/28/2019  16:49:06  PAGE 34


  C:168BH         LINE#         1351
  C:168BH         LINE#         1352
  C:168EH         LINE#         1353
  C:168EH         LINE#         1354
  C:168EH         LINE#         1356
  C:168EH         LINE#         1359
  C:168EH         LINE#         1361
  -------         ENDPROC       NB73TSAK
  -------         PROC          _SETSENDALARMDATATOCLOUD
  D:0007H         SYMBOL        _alarm_type
  -------         DO            
  D:0006H         SYMBOL        i
  -------         ENDDO         
  C:23B7H         LINE#         1369
  C:23B7H         LINE#         1370
  C:23B7H         LINE#         1373
  C:23BDH         LINE#         1374
  C:23BDH         LINE#         1375
  C:23C0H         LINE#         1376
  C:23C0H         LINE#         1377
  C:23C0H         LINE#         1378
  C:23C0H         LINE#         1379
  C:23C2H         LINE#         1381
  C:23C2H         LINE#         1384
  C:23CDH         LINE#         1385
  C:23CDH         LINE#         1386
  C:23D5H         LINE#         1387
  C:23D5H         LINE#         1388
[...]
  C:2958H         LINE#         128
  C:295BH         LINE#         129
  C:295DH         LINE#         130
  C:295DH         LINE#         131
  -------         ENDPROC       _RTM_CON
  -------         PROC          _RTC_WRITESECOND
  D:0007H         SYMBOL        second
  C:2931H         LINE#         138
  C:2931H         LINE#         139
  C:2931H         LINE#         140
  C:2934H         LINE#         141
  C:2936H         LINE#         142
  C:293DH         LINE#         143
  C:2940H         LINE#         144
  -------         ENDPROC       _RTC_WRITESECOND
  C:2834H         SYMBOL        L?0032
  -------         PROC          _RTC_WRITEMINUTE
  X:0033H         SYMBOL        minute
  C:2821H         LINE#         152
  C:2825H         LINE#         153
  C:2825H         LINE#         154
  C:2828H         LINE#         155
  C:2828H         LINE#         156
  C:2828H         LINE#         157
  C:282BH         LINE#         159
  C:282EH         LINE#         160
  C:2830H         LINE#         161
  C:2830H         LINE#         162
  C:2833H         LINE#         164
  -------         ENDPROC       _RTC_WRITEMINUTE
  C:274EH         SYMBOL        L?0031
  -------         PROC          _RTC_WRITEHOUR
  X:0033H         SYMBOL        hour
  C:2731H         LINE#         173
  C:2735H         LINE#         174
  C:2735H         LINE#         175
  C:2738H         LINE#         176
  C:273DH         LINE#         177
  C:273DH         LINE#         178
  C:2740H         LINE#         180
  C:2743H         LINE#         181
  C:274AH         LINE#         182
  C:274AH         LINE#         183
  C:274DH         LINE#         185
BL51 BANKED LINKER/LOCATER V6.22                                                      07/28/2019  16:49:06  PAGE 42


  -------         ENDPROC       _RTC_WRITEHOUR
  -------         PROC          _JUDGEISLEAPYEAR
  D:0007H         SYMBOL        _year
  C:295EH         LINE#         189
  C:295EH         LINE#         190
  C:295EH         LINE#         191
  C:2967H         LINE#         192
  C:2967H         LINE#         193
  C:2969H         LINE#         194
  C:2969H         LINE#         195
  C:296AH         LINE#         196
  -------         ENDPROC       _JUDGEISLEAPYEAR
  -------         PROC          _GETDAYMAX
  D:0007H         SYMBOL        _year
  D:0005H         SYMBOL        _month
  C:2890H         LINE#         197
  C:2890H         LINE#         198
  C:2890H         LINE#         199
  C:2899H         LINE#         200
  C:2899H         LINE#         201
  C:28A1H         LINE#         202
  C:28A1H         LINE#         203
  C:28A7H         LINE#         204
  -------         ENDPROC       _GETDAYMAX
  -------         PROC          _JUDGEDAYOFWEEK
  D:0007H         SYMBOL        _year
  D:0001H         SYMBOL        _month
  X:0033H         SYMBOL        _day
  -------         DO            
  D:0007H         SYMBOL        week_temp
  D:0006H         SYMBOL        c
  -------         ENDDO         
  C:1E70H         LINE#         205
  C:1E76H         LINE#         206
  C:1E76H         LINE#         208
  C:1E78H         LINE#         209
  C:1E7EH         LINE#         210
  C:1E7EH         LINE#         211
  C:1E87H         LINE#         212
  C:1E88H         LINE#         213
  C:1E89H         LINE#         214
  C:1E8DH         LINE#         215
  C:1E8DH         LINE#         216
  C:1EE5H         LINE#         217
  C:1EE8H         LINE#         218
  C:1EE8H         LINE#         219
  C:1EE9H         LINE#         220
  C:1EE9H         LINE#         221
  C:1EEBH         LINE#         222
  -------         ENDPROC       _JUDGEDAYOFWEEK
  -------         PROC          _DATE_ADD
  C:22C6H         LINE#         224
  C:22C6H         LINE#         225
  C:22C6H         LINE#         226
  C:22CCH         LINE#         227
  C:22CFH         LINE#         228
  C:22CFH         LINE#         229
BL51 BANKED LINKER/LOCATER V6.22                                                      07/28/2019  16:49:06  PAGE 43


  C:22D4H         LINE#         230
  C:22EDH         LINE#         231
  C:22EDH         LINE#         232
  C:22F2H         LINE#         233
  C:22F7H         LINE#         234
  C:2301H         LINE#         235
  C:2301H         LINE#         236
  C:2304H         LINE#         237
  C:2309H         LINE#         238
  C:2313H         LINE#         239
  C:2313H         LINE#         240
  C:2313H         LINE#         241
  C:231DH         LINE#         242
  C:231DH         LINE#         243
  -------         ENDPROC       _DATE_ADD
  -------         PROC          RTC_READTIME
  C:285DH         LINE#         245
  C:285DH         LINE#         246
  C:285DH         LINE#         247
  C:2862H         LINE#         249
  C:2866H         LINE#         251
  C:286DH         LINE#         253
  C:2877H         LINE#         254
  -------         ENDPROC       RTC_READTIME
  -------         ENDMOD        RTC

  -------         MODULE        VOLTAGE_ADC
  C:0000H         SYMBOL        _ICE_DUMMY_
  D:0080H         PUBLIC        P0
  D:0090H         PUBLIC        P1
  D:00A0H         PUBLIC        P2
  D:00B0H         PUBLIC        P3
  C:26D7H         PUBLIC        VoltageADCCleck
  C:1F61H         PUBLIC        ADC_ISR
  C:214DH         PUBLIC        VoltageCleck
  C:28FDH         PUBLIC        IsLowVoltage
  X:0022H         PUBLIC        tVoltageAdc
  D:00BDH         PUBLIC        ADCDH
  D:00BCH         PUBLIC        ADCDL
  D:00B9H         PUBLIC        ADCON
  C:29F1H         PUBLIC        StartVoltageAdc
  C:28BEH         PUBLIC        VoltageAdcInit
  C:2210H         SYMBOL        Com0017
  C:2210H         SYMBOL        L?0024
  C:2233H         SYMBOL        L?0025
  C:224DH         SYMBOL        L?0026
  C:2260H         SYMBOL        L?0027
  -------         PROC          COM0017
  -------         ENDPROC       COM0017
  -------         PROC          VOLTAGEADCINIT
  C:28BEH         LINE#         38
  C:28BEH         LINE#         39
  C:28BEH         LINE#         40
  C:28C4H         LINE#         41
  C:28CFH         LINE#         42
  -------         ENDPROC       VOLTAGEADCINIT
  -------         PROC          STARTVOLTAGEADC
BL51 BANKED LINKER/LOCATER V6.22                                                      07/28/2019  16:49:06  PAGE 44


  C:29F1H         LINE#         53
  C:29F1H         LINE#         54
  C:29F1H         LINE#         55
  -------         ENDPROC       STARTVOLTAGEADC
  -------         PROC          VOLTAGEADCCLECK
  -------         DO            
  D:0006H         SYMBOL        AD_Value
  -------         DO            
  X:0038H         SYMBOL        tVoltValue
  -------         ENDDO         
  -------         ENDDO         
  C:26D7H         LINE#         64
  C:26D7H         LINE#         65
  C:26D7H         LINE#         68
  C:26E2H         LINE#         69
  C:26E7H         LINE#         70
  C:26EAH         LINE#         71
  C:26EDH         LINE#         73
  C:26EDH         LINE#         74
  C:26EDH         LINE#         75
  C:26F2H         LINE#         76
  C:26F2H         LINE#         79
  C:26F2H         LINE#         80
  C:26F5H         LINE#         81
  C:26F7H         LINE#         83
  C:26FFH         LINE#         84
  C:2704H         LINE#         85
  C:2704H         LINE#         87
  -------         ENDPROC       VOLTAGEADCCLECK
  -------         PROC          ADC_ISR
  -------         DO            
  D:0006H         SYMBOL        AD_Value
  -------         DO            
  X:002FH         SYMBOL        tVoltValue
  -------         ENDDO         
  -------         ENDDO         
  C:1F61H         LINE#         95
  C:1F7EH         LINE#         98
  C:1F83H         LINE#         99
  C:1F83H         LINE#         100
  C:1F86H         LINE#         101
  C:1F93H         LINE#         102
  C:1FA0H         LINE#         104
  C:1FA0H         LINE#         105
  C:1FA0H         LINE#         106
  C:1FA5H         LINE#         107
  C:1FA5H         LINE#         110
  C:1FA5H         LINE#         111
  C:1FA8H         LINE#         112
  C:1FAAH         LINE#         114
  C:1FB2H         LINE#         115
  C:1FB7H         LINE#         116
  C:1FB7H         LINE#         118
  C:1FBAH         LINE#         119
  C:1FBAH         LINE#         121
  -------         ENDPROC       ADC_ISR
  -------         PROC          ISLOWVOLTAGE
BL51 BANKED LINKER/LOCATER V6.22                                                      07/28/2019  16:49:06  PAGE 45


  C:28FDH         LINE#         131
  C:28FDH         LINE#         132
  C:28FDH         LINE#         133
  C:2909H         LINE#         134
  C:290CH         LINE#         136
  C:290EH         LINE#         137
  -------         ENDPROC       ISLOWVOLTAGE
  -------         PROC          VOLTAGECLECK
  C:214DH         LINE#         145
  C:214DH         LINE#         146
  C:214DH         LINE#         148
  C:2152H         LINE#         149
  C:2152H         LINE#         151
  C:2152H         LINE#         153
  C:2158H         LINE#         154
  C:2158H         LINE#         155
  C:2164H         LINE#         156
  C:2164H         LINE#         157
  C:216EH         LINE#         158
  C:2179H         LINE#         159
  C:2179H         LINE#         160
  C:217EH         LINE#         161
  C:217EH         LINE#         162
  C:2180H         LINE#         163
  C:2185H         LINE#         164
  C:2185H         LINE#         165
  C:2187H         LINE#         166
  C:218BH         LINE#         167
  C:218BH         LINE#         169
  C:218BH         LINE#         170
  C:218BH         LINE#         171
  C:218BH         LINE#         172
  C:218BH         LINE#         174
  C:218BH         LINE#         175
  C:2197H         LINE#         176
  C:2197H         LINE#         177
  C:21A1H         LINE#         178
  C:21A9H         LINE#         179
  C:21A9H         LINE#         180
  C:21AFH         LINE#         181
  C:21AFH         LINE#         182
  C:21B1H         LINE#         183
  C:21B1H         LINE#         184
  C:21B1H         LINE#         185
  C:21B1H         LINE#         186
  C:21B1H         LINE#         188
  -------         ENDPROC       VOLTAGECLECK
  -------         ENDMOD        VOLTAGE_ADC

  -------         MODULE        ADC
  C:0000H         SYMBOL        _ICE_DUMMY_
  D:0080H         PUBLIC        P0
  D:0090H         PUBLIC        P1
  D:00A0H         PUBLIC        P2
  D:00B0H         PUBLIC        P3
  D:00BBH         PUBLIC        ADCFGH
  D:00BAH         PUBLIC        ADCFGL
BL51 BANKED LINKER/LOCATER V6.22                                                      07/28/2019  16:49:06  PAGE 46


  C:0FDBH         PUBLIC        GetAdcValue
  B:00E8H.0       PUBLIC        INT2EN
  C:29CDH         PUBLIC        _ADC_ConfigChannel
  D:00BDH         PUBLIC        ADCDH
  D:00BCH         PUBLIC        ADCDL
  C:003EH         PUBLIC        _ADC_init
  D:00B9H         PUBLIC        ADCON
  C:001EH         PUBLIC        ADC_StartConversion
  -------         PROC          _ADC_INIT
  D:0007H         SYMBOL        adc_ref
  D:0005H         SYMBOL        adc_int
  D:0003H         SYMBOL        amp_sw
  X:003FH         SYMBOL        gain
  C:003EH         LINE#         34
  C:003EH         LINE#         35
  C:003EH         LINE#         36
  C:0049H         LINE#         37
  C:004CH         LINE#         45
  C:0050H         LINE#         46
  C:0050H         LINE#         47
  C:005CH         LINE#         48
  C:005EH         LINE#         50
  C:005EH         LINE#         51
  C:0061H         LINE#         52
  C:0061H         LINE#         54
  C:0065H         LINE#         55
  C:0065H         LINE#         56
  C:0067H         LINE#         57
  C:0067H         LINE#         58
  C:006AH         LINE#         59
  -------         ENDPROC       _ADC_INIT
  -------         PROC          _ADC_CONFIGCHANNEL
  D:0007H         SYMBOL        channel
  C:29CDH         LINE#         66
  C:29CDH         LINE#         67
  C:29CDH         LINE#         68
  C:29D4H         LINE#         69
  -------         ENDPROC       _ADC_CONFIGCHANNEL
  -------         PROC          ADC_STARTCONVERSION
  C:001EH         LINE#         76
  C:001EH         LINE#         77
  C:001EH         LINE#         78
  C:0021H         LINE#         79
  -------         ENDPROC       ADC_STARTCONVERSION
  -------         PROC          GETADCVALUE
  -------         DO            
  D:0006H         SYMBOL        ADC_Value
  -------         ENDDO         
  C:0FDBH         LINE#         87
  C:0FDBH         LINE#         88
  C:0FDBH         LINE#         90
  C:0FE0H         LINE#         91
  C:0FE3H         LINE#         92
  C:0FF0H         LINE#         93
  C:0FFDH         LINE#         94
  C:0FFDH         LINE#         95
  -------         ENDPROC       GETADCVALUE
BL51 BANKED LINKER/LOCATER V6.22                                                      07/28/2019  16:49:06  PAGE 47


  -------         ENDMOD        ADC

  -------         MODULE        ?C_STARTUP
  C:1DE4H         SEGMENT       ?C_C51STARTUP
  I:005AH         SEGMENT       ?STACK
  C:0000H         PUBLIC        ?C_STARTUP
  D:00E0H         SYMBOL        ACC
  D:00F0H         SYMBOL        B
  D:0083H         SYMBOL        DPH
  D:0082H         SYMBOL        DPL
  N:0000H         SYMBOL        IBPSTACK
  N:0100H         SYMBOL        IBPSTACKTOP
  N:0080H         SYMBOL        IDATALEN
  C:1DE7H         SYMBOL        IDATALOOP
  N:0000H         SYMBOL        PBPSTACK
  N:0100H         SYMBOL        PBPSTACKTOP
  N:0000H         SYMBOL        PDATALEN
  N:0000H         SYMBOL        PDATASTART
  N:0000H         SYMBOL        PPAGE
  N:0000H         SYMBOL        PPAGEENABLE
  D:00A0H         SYMBOL        PPAGE_SFR
  D:0081H         SYMBOL        SP
  C:1DE4H         SYMBOL        STARTUP1
  N:0000H         SYMBOL        XBPSTACK
  N:0000H         SYMBOL        XBPSTACKTOP
  N:0000H         SYMBOL        XDATALEN
  N:0000H         SYMBOL        XDATASTART
  C:0000H         LINE#         126
  C:1DE4H         LINE#         133
  C:1DE6H         LINE#         134
  C:1DE7H         LINE#         135
  C:1DE8H         LINE#         136
  C:1DEAH         LINE#         185
  C:1DEDH         LINE#         196
  -------         ENDMOD        ?C_STARTUP

  -------         MODULE        ?C?FPMUL
  C:006EH         PUBLIC        ?C?FPMUL
  -------         ENDMOD        ?C?FPMUL

  -------         MODULE        ?C?FPDIV
  C:0177H         PUBLIC        ?C?FPDIV
  -------         ENDMOD        ?C?FPDIV

  -------         MODULE        ?C?FCAST
  C:021EH         PUBLIC        ?C?FCASTC
  C:0219H         PUBLIC        ?C?FCASTI
  C:0214H         PUBLIC        ?C?FCASTL
  -------         ENDMOD        ?C?FCAST

  -------         MODULE        ?C?CASTF
  C:0252H         PUBLIC        ?C?CASTF
  -------         ENDMOD        ?C?CASTF

  -------         MODULE        PRINTF
  X:0053H         PUBLIC        ?_PRINTF?BYTE
  X:0053H         PUBLIC        ?_SPRINTF?BYTE
BL51 BANKED LINKER/LOCATER V6.22                                                      07/28/2019  16:49:06  PAGE 48


  C:098CH         PUBLIC        _PRINTF
  C:0986H         PUBLIC        _SPRINTF
  -------         ENDMOD        PRINTF

  -------         MODULE        VSPRINTF
  X:004AH         PUBLIC        ?_VSPRINTF?BYTE
  C:25CEH         PUBLIC        _VSPRINTF
  -------         ENDMOD        VSPRINTF

  -------         MODULE        ?C?FPROUND
  C:02D3H         PUBLIC        ?C?FPROUND
  -------         ENDMOD        ?C?FPROUND

  -------         MODULE        ?C?FPCONVERT
  C:0302H         PUBLIC        ?C?FPCONVERT
  -------         ENDMOD        ?C?FPCONVERT

  -------         MODULE        ?C?FPADD
  C:040CH         PUBLIC        ?C?FPADD
  C:0408H         PUBLIC        ?C?FPSUB
  -------         ENDMOD        ?C?FPADD

  -------         MODULE        ?C?FTNPWR
  C:052DH         PUBLIC        ?C?FTNPWR
  -------         ENDMOD        ?C?FTNPWR

  -------         MODULE        ?C?COPY
  C:063DH         PUBLIC        ?C?COPY
  -------         ENDMOD        ?C?COPY

  -------         MODULE        ?C?CLDPTR
  C:0663H         PUBLIC        ?C?CLDPTR
  -------         ENDMOD        ?C?CLDPTR

  -------         MODULE        ?C?CLDOPTR
  C:067CH         PUBLIC        ?C?CLDOPTR
  -------         ENDMOD        ?C?CLDOPTR

  -------         MODULE        ?C?CSTPTR
  C:06A9H         PUBLIC        ?C?CSTPTR
  -------         ENDMOD        ?C?CSTPTR

  -------         MODULE        ?C?CSTOPTR
  C:06BBH         PUBLIC        ?C?CSTOPTR
  -------         ENDMOD        ?C?CSTOPTR

  -------         MODULE        ?C?IMUL
  C:06DDH         PUBLIC        ?C?IMUL
  -------         ENDMOD        ?C?IMUL

  -------         MODULE        ?C?UIDIV
  C:06EFH         PUBLIC        ?C?UIDIV
  -------         ENDMOD        ?C?UIDIV

  -------         MODULE        ?C?IILDX
  C:0744H         PUBLIC        ?C?IILDX
  -------         ENDMOD        ?C?IILDX
BL51 BANKED LINKER/LOCATER V6.22                                                      07/28/2019  16:49:06  PAGE 49



  -------         MODULE        ?C?LMUL
  C:075AH         PUBLIC        ?C?LMUL
  -------         ENDMOD        ?C?LMUL

  -------         MODULE        ?C?ULDIV
  C:07E5H         PUBLIC        ?C?ULDIV
  -------         ENDMOD        ?C?ULDIV

  -------         MODULE        ?C?SLDIV
  C:24CBH         PUBLIC        ?C?SLDIV
  -------         ENDMOD        ?C?SLDIV

  -------         MODULE        ?C?LNEG
  C:0877H         PUBLIC        ?C?LNEG
  -------         ENDMOD        ?C?LNEG

  -------         MODULE        ?C?LLDPDATA
  C:0885H         PUBLIC        ?C?LLDPDATA
  -------         ENDMOD        ?C?LLDPDATA

  -------         MODULE        ?C?LLDPDATA0
  C:0891H         PUBLIC        ?C?LLDPDATA0
  -------         ENDMOD        ?C?LLDPDATA0

  -------         MODULE        ?C?LSTPDATA
  C:089EH         PUBLIC        ?C?LSTPDATA
  -------         ENDMOD        ?C?LSTPDATA

  -------         MODULE        ?C?OFFXADD
  C:08AAH         PUBLIC        ?C?OFFXADD
  -------         ENDMOD        ?C?OFFXADD

  -------         MODULE        ?C?PLDPDATA
  C:08B6H         PUBLIC        ?C?PLDPDATA
  -------         ENDMOD        ?C?PLDPDATA

  -------         MODULE        ?C?PLDIPDATA
  C:08BFH         PUBLIC        ?C?PLDIPDATA
  -------         ENDMOD        ?C?PLDIPDATA

  -------         MODULE        ?C?PSTPDATA
  C:08CFH         PUBLIC        ?C?PSTPDATA
  -------         ENDMOD        ?C?PSTPDATA

  -------         MODULE        ?C?CCASE
  C:08D8H         PUBLIC        ?C?CCASE
  -------         ENDMOD        ?C?CCASE

  -------         MODULE        PUTCHAR
  C:2787H         PUBLIC        _PUTCHAR
  -------         ENDMOD        PUTCHAR

  -------         MODULE        STRLEN
  C:28D4H         PUBLIC        _STRLEN
  -------         ENDMOD        STRLEN

BL51 BANKED LINKER/LOCATER V6.22                                                      07/28/2019  16:49:06  PAGE 50


  -------         MODULE        STRSTR
  X:003CH         PUBLIC        ?_strstr?BYTE
  C:0E7EH         PUBLIC        _strstr
  -------         ENDMOD        STRSTR

  -------         MODULE        ?C?MEMSET
  C:08FEH         PUBLIC        ?C?MEMSET
  -------         ENDMOD        ?C?MEMSET

*** WARNING L16: UNCALLED SEGMENT, IGNORED FOR OVERLAY PROCESS
    SEGMENT: ?PR?GETPROCLOCKTICK?MAIN

*** WARNING L16: UNCALLED SEGMENT, IGNORED FOR OVERLAY PROCESS
    SEGMENT: ?PR?SYS_CLK_SET_IRCH?SYSTEM_CLOCK

*** WARNING L16: UNCALLED SEGMENT, IGNORED FOR OVERLAY PROCESS
    SEGMENT: ?PR?_DELAY_500MS?DELAY

*** WARNING L16: UNCALLED SEGMENT, IGNORED FOR OVERLAY PROCESS
    SEGMENT: ?PR?_PWM_INTERRUPTCFG?PWM

*** WARNING L16: UNCALLED SEGMENT, IGNORED FOR OVERLAY PROCESS
    SEGMENT: ?PR?RTC_READTIME?RTC

Program Size: data=71.6 xdata=1010 code=10735
LINK/LOCATE RUN COMPLETE.  5 WARNING(S),  0 ERROR(S)
